Archive member included to satisfy reference by file (symbol)

../lib-c/lib_gd32/libc.a(puts.o)
                              build_gd32/lib/display.o (puts)
../lib-spiflashstore/lib_gd32/libspiflashstore.a(spiflashstore.o)
                              build_gd32/firmware/main.o (SpiFlashStore::SpiFlashStore())
../lib-spiflashstore/lib_gd32/libspiflashstore.a(storenetwork.o)
                              build_gd32/firmware/main.o (StoreNetwork::StoreNetwork())
../lib-spiflashstore/lib_gd32/libspiflashstore.a(storeremoteconfig.o)
                              build_gd32/firmware/main.o (StoreRemoteConfig::StoreRemoteConfig())
../lib-spiflash/lib_gd32/libspiflash.a(spi_flash.o)
                              ../lib-spiflashstore/lib_gd32/libspiflashstore.a(spiflashstore.o) (spi_flash_get_name)
../lib-remoteconfig/lib_gd32/libremoteconfig.a(remoteconfig.o)
                              build_gd32/firmware/main.o (RemoteConfig::RemoteConfig(remoteconfig::Node, remoteconfig::Output, unsigned int))
../lib-remoteconfig/lib_gd32/libremoteconfig.a(remoteconfigfactory.o)
                              ../lib-remoteconfig/lib_gd32/libremoteconfig.a(remoteconfig.o) (RemoteConfig::HandleFactory())
../lib-remoteconfig/lib_gd32/libremoteconfig.a(remoteconfigparams.o)
                              build_gd32/firmware/main.o (RemoteConfigParams::RemoteConfigParams(RemoteConfigParamsStore*))
../lib-remoteconfig/lib_gd32/libremoteconfig.a(remoteconfigreboot.o)
                              ../lib-remoteconfig/lib_gd32/libremoteconfig.a(remoteconfig.o) (RemoteConfig::HandleReboot())
../lib-remoteconfig/lib_gd32/libremoteconfig.a(remoteconfigstatic.o)
                              ../lib-remoteconfig/lib_gd32/libremoteconfig.a(remoteconfig.o) (RemoteConfig::GetIndex(void const*, unsigned int&))
../lib-remoteconfig/lib_gd32/libremoteconfig.a(tftpfileserver.o)
                              ../lib-remoteconfig/lib_gd32/libremoteconfig.a(remoteconfig.o) (TFTPFileServer::TFTPFileServer(unsigned char*, unsigned int))
../lib-remoteconfig/lib_gd32/libremoteconfig.a(remoteconfigconst.o)
                              ../lib-remoteconfig/lib_gd32/libremoteconfig.a(remoteconfigparams.o) (RemoteConfigConst::PARAMS_DISPLAY_NAME)
../lib-remoteconfig/lib_gd32/libremoteconfig.a(tftpfileserver.o)
                              ../lib-remoteconfig/lib_gd32/libremoteconfig.a(tftpfileserver.o) (tftpfileserver::is_valid(void const*))
../lib-spiflashinstall/lib_gd32/libspiflashinstall.a(spiflashinstall.o)
                              build_gd32/firmware/main.o (SpiFlashInstall::SpiFlashInstall())
../lib-spiflashinstall/lib_gd32/libspiflashinstall.a(spiflashinstall.o)
                              ../lib-remoteconfig/lib_gd32/libremoteconfig.a(remoteconfig.o) (SpiFlashInstall::WriteFirmware(unsigned char const*, unsigned int))
../lib-network/lib_gd32/libnetwork.a(net.o)
                              build_gd32/firmware/main.o (net_handle)
../lib-network/lib_gd32/libnetwork.a(net_timers.o)
                              ../lib-network/lib_gd32/libnetwork.a(net.o) (net_timers_run)
../lib-network/lib_gd32/libnetwork.a(rfc3927.o)
                              ../lib-network/lib_gd32/libnetwork.a(net.o) (rfc3927_init)
../lib-network/lib_gd32/libnetwork.a(tcp.o)
                              ../lib-network/lib_gd32/libnetwork.a(net.o) (tcp_init)
../lib-network/lib_gd32/libnetwork.a(udp.o)
                              ../lib-remoteconfig/lib_gd32/libremoteconfig.a(remoteconfig.o) (udp_recv2)
../lib-network/lib_gd32/libnetwork.a(tftpdaemon.o)
                              ../lib-remoteconfig/lib_gd32/libremoteconfig.a(tftpfileserver.o) (TFTPDaemon::TFTPDaemon())
../lib-network/lib_gd32/libnetwork.a(network.o)
                              build_gd32/firmware/main.o (Network::Network())
../lib-network/lib_gd32/libnetwork.a(networkparams.o)
                              ../lib-remoteconfig/lib_gd32/libremoteconfig.a(remoteconfig.o) (NetworkParams::NetworkParams(NetworkParamsStore*))
../lib-network/lib_gd32/libnetwork.a(networkparamsdump.o)
                              ../lib-network/lib_gd32/libnetwork.a(network.o) (NetworkParams::Dump())
../lib-network/lib_gd32/libnetwork.a(arp.o)
                              ../lib-network/lib_gd32/libnetwork.a(net.o) (arp_init)
../lib-network/lib_gd32/libnetwork.a(arp_cache.o)
                              ../lib-network/lib_gd32/libnetwork.a(arp.o) (arp_cache_init)
../lib-network/lib_gd32/libnetwork.a(dhcp.o)
                              ../lib-network/lib_gd32/libnetwork.a(net.o) (dhcp_client)
../lib-network/lib_gd32/libnetwork.a(igmp.o)
                              ../lib-network/lib_gd32/libnetwork.a(net_timers.o) (igmp_timer)
../lib-network/lib_gd32/libnetwork.a(ip.o)
                              ../lib-network/lib_gd32/libnetwork.a(net.o) (ip_set_ip)
../lib-network/lib_gd32/libnetwork.a(net_chksum.o)
                              ../lib-network/lib_gd32/libnetwork.a(tcp.o) (net_chksum)
[...]
Memory Configuration

Name             Origin             Length             Attributes
FLASH            0x0000000008000000 0x0000000000040000 xr
RAM              0x0000000020000000 0x0000000000018000 xrw
*default*        0x0000000000000000 0xffffffffffffffff

Linker script and memory map

LOAD build_gd32/startup_gd32f10x_cl.o
LOAD build_gd32/firmware/main.o
LOAD build_gd32/lib/display.o
LOAD build_gd32/lib/display7segment.o
LOAD build_gd32/lib/networkdisplay.o
LOAD build_gd32/lib/ntpclientdisplay.o
                0x0000000000012800                __heap_size = DEFINED (__heap_size)?__heap_size:0x12800
                0x0000000000000400                __stack_size = DEFINED (__stack_size)?__stack_size:0x400

.vectors        0x0000000008000000      0x150
                0x0000000008000000                . = ALIGN (0x4)
 *(.vectors)
 .vectors       0x0000000008000000      0x150 build_gd32/startup_gd32f10x_cl.o
                0x0000000008000000                __gVectors
                0x0000000008000150                . = ALIGN (0x4)
                0x0000000008000150                __Vectors_End = .
                0x0000000008000150                __Vectors_Size = (__Vectors_End - __gVectors)

.text           0x0000000008000150     0x4fb8
                0x0000000008000150                . = ALIGN (0x4)
 *(.text)
 .text          0x0000000008000150       0x30 /Applications/ARM/bin/../lib/gcc/arm-none-eabi/10.3.1/thumb/v7-m/nofp/libgcc.a(_aeabi_uldivmod.o)
                0x0000000008000150                __aeabi_uldivmod
 .text          0x0000000008000180       0x28 /Applications/ARM/bin/../lib/gcc/arm-none-eabi/10.3.1/thumb/v7-m/nofp/libgcc.a(_popcountsi2.o)
                0x0000000008000180                __popcountsi2
 .text          0x00000000080001a8      0x2d4 /Applications/ARM/bin/../lib/gcc/arm-none-eabi/10.3.1/thumb/v7-m/nofp/libgcc.a(_udivmoddi4.o)
                0x00000000080001a8                __udivmoddi4
 .text          0x000000000800047c        0x4 /Applications/ARM/bin/../lib/gcc/arm-none-eabi/10.3.1/thumb/v7-m/nofp/libgcc.a(_dvmd_tls.o)
                0x000000000800047c                __aeabi_ldiv0
                0x000000000800047c                __aeabi_idiv0
 *(.text*)
 .text.Reset_Handler
                0x0000000008000480       0x4c build_gd32/startup_gd32f10x_cl.o
                0x0000000008000480                Reset_Handler
 .text.Default_Handler
                0x00000000080004cc        0x2 build_gd32/startup_gd32f10x_cl.o
                0x00000000080004cc                ENET_IRQHandler
                0x00000000080004cc                EXTI2_IRQHandler
                0x00000000080004cc                TIMER2_IRQHandler
                0x00000000080004cc                TIMER5_IRQHandler
                0x00000000080004cc                DebugMon_Handler
                0x00000000080004cc                LVD_IRQHandler
                0x00000000080004cc                CAN1_EWMC_IRQHandler
                0x00000000080004cc                TIMER0_BRK_IRQHandler
                0x00000000080004cc                HardFault_Handler
                0x00000000080004cc                ADC0_1_IRQHandler
                0x00000000080004cc                TIMER0_UP_IRQHandler
                0x00000000080004cc                PendSV_Handler
                0x00000000080004cc                NMI_Handler
                0x00000000080004cc                EXTI3_IRQHandler
                0x00000000080004cc                USBFS_WKUP_IRQHandler
                0x00000000080004cc                USBFS_IRQHandler
                0x00000000080004cc                TIMER3_IRQHandler
                0x00000000080004cc                DMA0_Channel6_IRQHandler
                0x00000000080004cc                I2C0_EV_IRQHandler
                0x00000000080004cc                EXTI0_IRQHandler
                0x00000000080004cc                CAN1_RX0_IRQHandler
                0x00000000080004cc                UsageFault_Handler
                0x00000000080004cc                TIMER4_IRQHandler
                0x00000000080004cc                SPI1_IRQHandler
                0x00000000080004cc                DMA0_Channel0_IRQHandler
                0x00000000080004cc                TAMPER_IRQHandler
                0x00000000080004cc                DMA1_Channel0_IRQHandler
                0x00000000080004cc                TIMER6_IRQHandler
                0x00000000080004cc                DMA1_Channel4_IRQHandler
                0x00000000080004cc                DMA0_Channel3_IRQHandler
                0x00000000080004cc                I2C0_ER_IRQHandler
                0x00000000080004cc                RTC_IRQHandler
                0x00000000080004cc                TIMER7_UP_IRQHandler
                0x00000000080004cc                CAN1_RX1_IRQHandler
                0x00000000080004cc                DMA0_Channel2_IRQHandler
                0x00000000080004cc                USART0_IRQHandler
                0x00000000080004cc                TIMER1_IRQHandler
                0x00000000080004cc                TIMER7_TRG_CMT_IRQHandler
                0x00000000080004cc                TIMER0_TRG_CMT_IRQHandler
                0x00000000080004cc                I2C1_EV_IRQHandler
                0x00000000080004cc                UART4_IRQHandler
                0x00000000080004cc                EXTI10_15_IRQHandler
                0x00000000080004cc                DMA1_Channel1_IRQHandler
                0x00000000080004cc                Default_Handler
                0x00000000080004cc                CAN0_TX_IRQHandler
                0x00000000080004cc                WWDGT_IRQHandler
                0x00000000080004cc                EXMC_IRQHandler
                0x00000000080004cc                SPI2_IRQHandler
                0x00000000080004cc                MemManage_Handler
                0x00000000080004cc                CAN1_TX_IRQHandler
                0x00000000080004cc                SVC_Handler
                0x00000000080004cc                TIMER7_BRK_IRQHandler
                0x00000000080004cc                EXTI4_IRQHandler
                0x00000000080004cc                CAN0_RX1_IRQHandler
                0x00000000080004cc                DMA0_Channel5_IRQHandler
                0x00000000080004cc                DMA1_Channel3_IRQHandler
                0x00000000080004cc                EXTI5_9_IRQHandler
                0x00000000080004cc                RCU_IRQHandler
                0x00000000080004cc                DMA0_Channel1_IRQHandler
                0x00000000080004cc                TIMER0_Channel_IRQHandler
                0x00000000080004cc                EXTI1_IRQHandler
                0x00000000080004cc                ENET_WKUP_IRQHandler
                0x00000000080004cc                SPI0_IRQHandler
                0x00000000080004cc                USART2_IRQHandler
                0x00000000080004cc                CAN0_EWMC_IRQHandler
                0x00000000080004cc                CAN0_RX0_IRQHandler
                0x00000000080004cc                DMA1_Channel2_IRQHandler
                0x00000000080004cc                BusFault_Handler
                0x00000000080004cc                USART1_IRQHandler
                0x00000000080004cc                UART3_IRQHandler
                0x00000000080004cc                I2C1_ER_IRQHandler
                0x00000000080004cc                FMC_IRQHandler
                0x00000000080004cc                DMA0_Channel4_IRQHandler
                0x00000000080004cc                RTC_Alarm_IRQHandler
 *fill*         0x00000000080004ce        0x2 
 .text.startup.main
                0x00000000080004d0      0x170 build_gd32/firmware/main.o
                0x00000000080004d0                main
 .text._ZN7DisplayC2Ev
                0x0000000008000640       0x30 build_gd32/lib/display.o
                0x0000000008000640                Display::Display()
                0x0000000008000640                Display::Display()
 .text._ZN7Display5WriteEhPKc
                0x0000000008000670        0x4 build_gd32/lib/display.o
                0x0000000008000670                Display::Write(unsigned char, char const*)
 .text._ZN7Display10TextStatusEPKc22Display7SegmentMessagej
                0x0000000008000674       0x20 build_gd32/lib/display.o
                0x0000000008000674                Display::TextStatus(char const*, Display7SegmentMessage, unsigned int)
 .text._ZN7Display8SetSleepEb
                0x0000000008000694        0x2 build_gd32/lib/display.o
                0x0000000008000694                Display::SetSleep(bool)
 *fill*         0x0000000008000696        0x2 
 .text._ZN15Display7SegmentC2Ev
                0x0000000008000698       0x1c build_gd32/lib/display7segment.o
                0x0000000008000698                Display7Segment::Display7Segment()
                0x0000000008000698                Display7Segment::Display7Segment()
 .text._ZN15Display7Segment6StatusE22Display7SegmentMessage
                0x00000000080006b4        0x2 build_gd32/lib/display7segment.o
                0x00000000080006b4                Display7Segment::Status(Display7SegmentMessage)
 .text._ZN14NetworkDisplay13ShowEmacStartEv
                0x00000000080006b6        0x2 build_gd32/lib/networkdisplay.o
                0x00000000080006b6                NetworkDisplay::ShowEmacStart()
 .text._ZN14NetworkDisplay6ShowIpEv
                0x00000000080006b8        0x2 build_gd32/lib/networkdisplay.o
                0x00000000080006b8                NetworkDisplay::ShowIp()
 .text._ZN14NetworkDisplay12ShowShutdownEv
                0x00000000080006ba        0x2 build_gd32/lib/networkdisplay.o
                0x00000000080006ba                NetworkDisplay::ShowShutdown()
 .text._ZN14NetworkDisplay14ShowDhcpStatusEN7network4dhcp12ClientStatusE
                0x00000000080006bc        0x2 build_gd32/lib/networkdisplay.o
                0x00000000080006bc                NetworkDisplay::ShowDhcpStatus(network::dhcp::ClientStatus)
 .text.puts     0x00000000080006be       0x10 ../lib-c/lib_gd32/libc.a(puts.o)
                0x00000000080006be                puts
 *fill*         0x00000000080006ce        0x2 
 .text._ZN13SpiFlashStore14GetStoreOffsetEN13spiflashstore5StoreE
                0x00000000080006d0       0x1c ../lib-spiflashstore/lib_gd32/libspiflashstore.a(spiflashstore.o)
                0x00000000080006d0                SpiFlashStore::GetStoreOffset(spiflashstore::Store)
 .text._ZN13SpiFlashStore4InitEv
                0x00000000080006ec      0x124 ../lib-spiflashstore/lib_gd32/libspiflashstore.a(spiflashstore.o)
                0x00000000080006ec                SpiFlashStore::Init()
 .text._ZN13SpiFlashStoreC2Ev
                0x0000000008000810       0x70 ../lib-spiflashstore/lib_gd32/libspiflashstore.a(spiflashstore.o)
                0x0000000008000810                SpiFlashStore::SpiFlashStore()
                0x0000000008000810                SpiFlashStore::SpiFlashStore()
 .text._ZN13SpiFlashStore12ResetSetListEN13spiflashstore5StoreE
                0x0000000008000880       0x24 ../lib-spiflashstore/lib_gd32/libspiflashstore.a(spiflashstore.o)
                0x0000000008000880                SpiFlashStore::ResetSetList(spiflashstore::Store)
 .text._ZN13SpiFlashStore6UpdateEN13spiflashstore5StoreEjPKvjjj
                0x00000000080008a4       0x70 ../lib-spiflashstore/lib_gd32/libspiflashstore.a(spiflashstore.o)
                0x00000000080008a4                SpiFlashStore::Update(spiflashstore::Store, unsigned int, void const*, unsigned int, unsigned int, unsigned int)
 .text._ZN13SpiFlashStore4CopyEN13spiflashstore5StoreEPvjj
                0x0000000008000914       0x68 ../lib-spiflashstore/lib_gd32/libspiflashstore.a(spiflashstore.o)
                0x0000000008000914                SpiFlashStore::Copy(spiflashstore::Store, void*, unsigned int, unsigned int)
 .text._ZN13SpiFlashStore5FlashEv
                0x000000000800097c       0x58 ../lib-spiflashstore/lib_gd32/libspiflashstore.a(spiflashstore.o)
                0x000000000800097c                SpiFlashStore::Flash()
 .text._ZN12StoreNetworkD2Ev
                0x00000000080009d4        0x6 ../lib-spiflashstore/lib_gd32/libspiflashstore.a(storenetwork.o)
                0x00000000080009d4                StoreNetwork::~StoreNetwork()
                0x00000000080009d4                StoreNetwork::~StoreNetwork()
                0x00000000080009d6                non-virtual thunk to StoreNetwork::~StoreNetwork()
 *fill*         0x00000000080009da        0x2 
 .text._ZN12StoreNetwork6UpdateEPK14TNetworkParams
                0x00000000080009dc       0x24 ../lib-spiflashstore/lib_gd32/libspiflashstore.a(storenetwork.o)
                0x00000000080009dc                StoreNetwork::Update(TNetworkParams const*)
 .text._ZN12StoreNetwork8SaveDhcpEb
                0x0000000008000a00       0x30 ../lib-spiflashstore/lib_gd32/libspiflashstore.a(storenetwork.o)
                0x0000000008000a00                StoreNetwork::SaveDhcp(bool)
                0x0000000008000a28                non-virtual thunk to StoreNetwork::SaveDhcp(bool)
 .text._ZN12StoreNetwork13SaveGatewayIpEj
                0x0000000008000a30       0x30 ../lib-spiflashstore/lib_gd32/libspiflashstore.a(storenetwork.o)
                0x0000000008000a30                StoreNetwork::SaveGatewayIp(unsigned int)
                0x0000000008000a58                non-virtual thunk to StoreNetwork::SaveGatewayIp(unsigned int)
 .text._ZN12StoreNetwork11SaveNetMaskEj
                0x0000000008000a60       0x2c ../lib-spiflashstore/lib_gd32/libspiflashstore.a(storenetwork.o)
                0x0000000008000a60                StoreNetwork::SaveNetMask(unsigned int)
                0x0000000008000a84                non-virtual thunk to StoreNetwork::SaveNetMask(unsigned int)
 .text._ZN12StoreNetwork6SaveIpEj
                0x0000000008000a8c       0x2c ../lib-spiflashstore/lib_gd32/libspiflashstore.a(storenetwork.o)
                0x0000000008000a8c                StoreNetwork::SaveIp(unsigned int)
                0x0000000008000ab0                non-virtual thunk to StoreNetwork::SaveIp(unsigned int)
 .text._ZN12StoreNetwork12SaveHostNameEPKcj
                0x0000000008000ab8       0x30 ../lib-spiflashstore/lib_gd32/libspiflashstore.a(storenetwork.o)
                0x0000000008000ab8                StoreNetwork::SaveHostName(char const*, unsigned int)
                0x0000000008000ae0                non-virtual thunk to StoreNetwork::SaveHostName(char const*, unsigned int)
 .text._ZN12StoreNetworkD0Ev
                0x0000000008000ae8       0x12 ../lib-spiflashstore/lib_gd32/libspiflashstore.a(storenetwork.o)
                0x0000000008000ae8                StoreNetwork::~StoreNetwork()
                0x0000000008000af4                non-virtual thunk to StoreNetwork::~StoreNetwork()
 *fill*         0x0000000008000afa        0x2 
 .text._ZN12StoreNetwork4CopyEP14TNetworkParams
                0x0000000008000afc       0x1c ../lib-spiflashstore/lib_gd32/libspiflashstore.a(storenetwork.o)
                0x0000000008000afc                StoreNetwork::Copy(TNetworkParams*)
 .text._ZN12StoreNetworkC2Ev
                0x0000000008000b18       0x18 ../lib-spiflashstore/lib_gd32/libspiflashstore.a(storenetwork.o)
                0x0000000008000b18                StoreNetwork::StoreNetwork()
                0x0000000008000b18                StoreNetwork::StoreNetwork()
 .text._ZN17StoreRemoteConfigD2Ev
                0x0000000008000b30        0x2 ../lib-spiflashstore/lib_gd32/libspiflashstore.a(storeremoteconfig.o)
                0x0000000008000b30                StoreRemoteConfig::~StoreRemoteConfig()
                0x0000000008000b30                StoreRemoteConfig::~StoreRemoteConfig()
 *fill*         0x0000000008000b32        0x2 
 .text._ZN17StoreRemoteConfig4CopyEP19TRemoteConfigParams
                0x0000000008000b34       0x20 ../lib-spiflashstore/lib_gd32/libspiflashstore.a(storeremoteconfig.o)
                0x0000000008000b34                StoreRemoteConfig::Copy(TRemoteConfigParams*)
 .text._ZN17StoreRemoteConfig6UpdateEPK19TRemoteConfigParams
                0x0000000008000b54       0x24 ../lib-spiflashstore/lib_gd32/libspiflashstore.a(storeremoteconfig.o)
                0x0000000008000b54                StoreRemoteConfig::Update(TRemoteConfigParams const*)
 .text._ZN17StoreRemoteConfigD0Ev
                0x0000000008000b78        0xc ../lib-spiflashstore/lib_gd32/libspiflashstore.a(storeremoteconfig.o)
                0x0000000008000b78                StoreRemoteConfig::~StoreRemoteConfig()
 .text._ZN17StoreRemoteConfigC2Ev
                0x0000000008000b84       0x14 ../lib-spiflashstore/lib_gd32/libspiflashstore.a(storeremoteconfig.o)
                0x0000000008000b84                StoreRemoteConfig::StoreRemoteConfig()
                0x0000000008000b84                StoreRemoteConfig::StoreRemoteConfig()
 .text.spi_flash_get_name
                0x0000000008000b98        0x8 ../lib-spiflash/lib_gd32/libspiflash.a(spi_flash.o)
                0x0000000008000b98                spi_flash_get_name
 .text.spi_flash_get_size
                0x0000000008000ba0       0x10 ../lib-spiflash/lib_gd32/libspiflash.a(spi_flash.o)
                0x0000000008000ba0                spi_flash_get_size
 .text.spi_flash_get_sector_size
                0x0000000008000bb0        0x6 ../lib-spiflash/lib_gd32/libspiflash.a(spi_flash.o)
                0x0000000008000bb0                spi_flash_get_sector_size
 .text.spi_flash_probe
                0x0000000008000bb6        0x4 ../lib-spiflash/lib_gd32/libspiflash.a(spi_flash.o)
                0x0000000008000bb6                spi_flash_probe
 .text.spi_flash_cmd_read_fast
                0x0000000008000bba       0x18 ../lib-spiflash/lib_gd32/libspiflash.a(spi_flash.o)
                0x0000000008000bba                spi_flash_cmd_read_fast
 .text.spi_flash_cmd_write_multi
                0x0000000008000bd2       0x40 ../lib-spiflash/lib_gd32/libspiflash.a(spi_flash.o)
                0x0000000008000bd2                spi_flash_cmd_write_multi
 .text.spi_flash_cmd_erase
                0x0000000008000c12       0x2c ../lib-spiflash/lib_gd32/libspiflash.a(spi_flash.o)
                0x0000000008000c12                spi_flash_cmd_erase
 *fill*         0x0000000008000c3e        0x2 
 .text._ZN12RemoteConfig10HandleListEv
                0x0000000008000c40       0xe0 ../lib-remoteconfig/lib_gd32/libremoteconfig.a(remoteconfig.o)
                0x0000000008000c40                RemoteConfig::HandleList()
 .text._ZN12RemoteConfig13HandleTftpGetEv
                0x0000000008000d20       0x50 ../lib-remoteconfig/lib_gd32/libremoteconfig.a(remoteconfig.o)
                0x0000000008000d20                RemoteConfig::HandleTftpGet()
 .text._ZN12RemoteConfig13HandleVersionEv
                0x0000000008000d70       0x40 ../lib-remoteconfig/lib_gd32/libremoteconfig.a(remoteconfig.o)
                0x0000000008000d70                RemoteConfig::HandleVersion()
 .text._ZN12RemoteConfig12HandleUptimeEv
                0x0000000008000db0       0x4c ../lib-remoteconfig/lib_gd32/libremoteconfig.a(remoteconfig.o)
                0x0000000008000db0                RemoteConfig::HandleUptime()
 .text._ZN12RemoteConfig13HandleTftpSetEv
                0x0000000008000dfc      0x108 ../lib-remoteconfig/lib_gd32/libremoteconfig.a(remoteconfig.o)
                0x0000000008000dfc                RemoteConfig::HandleTftpSet()
 .text._ZN12RemoteConfigC2EN12remoteconfig4NodeENS0_6OutputEj
                0x0000000008000f04       0x6c ../lib-remoteconfig/lib_gd32/libremoteconfig.a(remoteconfig.o)
                0x0000000008000f04                RemoteConfig::RemoteConfig(remoteconfig::Node, remoteconfig::Output, unsigned int)
                0x0000000008000f04                RemoteConfig::RemoteConfig(remoteconfig::Node, remoteconfig::Output, unsigned int)
 .text._ZN12RemoteConfig10SetDisableEb
                0x0000000008000f70       0x40 ../lib-remoteconfig/lib_gd32/libremoteconfig.a(remoteconfig.o)
                0x0000000008000f70                RemoteConfig::SetDisable(bool)
 .text._ZN12RemoteConfig14SetDisplayNameEPKc
                0x0000000008000fb0       0x30 ../lib-remoteconfig/lib_gd32/libremoteconfig.a(remoteconfig.o)
                0x0000000008000fb0                RemoteConfig::SetDisplayName(char const*)
 .text._ZN12RemoteConfig3RunEv
                0x0000000008000fe0      0x118 ../lib-remoteconfig/lib_gd32/libremoteconfig.a(remoteconfig.o)
                0x0000000008000fe0                RemoteConfig::Run()
 .text._ZN12RemoteConfig8TftpExitEv
                0x00000000080010f8       0x14 ../lib-remoteconfig/lib_gd32/libremoteconfig.a(remoteconfig.o)
                0x00000000080010f8                RemoteConfig::TftpExit()
 .text._ZN12RemoteConfig13HandleFactoryEv
                0x000000000800110c       0x1c ../lib-remoteconfig/lib_gd32/libremoteconfig.a(remoteconfigfactory.o)
                0x000000000800110c                RemoteConfig::HandleFactory()
 .text._ZN18RemoteConfigParamsC2EP23RemoteConfigParamsStore
                0x0000000008001128       0x14 ../lib-remoteconfig/lib_gd32/libremoteconfig.a(remoteconfigparams.o)
                0x0000000008001128                RemoteConfigParams::RemoteConfigParams(RemoteConfigParamsStore*)
                0x0000000008001128                RemoteConfigParams::RemoteConfigParams(RemoteConfigParamsStore*)
 .text._ZN18RemoteConfigParams4LoadEv
                0x000000000800113c       0x18 ../lib-remoteconfig/lib_gd32/libremoteconfig.a(remoteconfigparams.o)
                0x000000000800113c                RemoteConfigParams::Load()
 .text._ZN18RemoteConfigParams3SetEP12RemoteConfig
                0x0000000008001154       0x40 ../lib-remoteconfig/lib_gd32/libremoteconfig.a(remoteconfigparams.o)
                0x0000000008001154                RemoteConfigParams::Set(RemoteConfig*)
 .text._ZN12RemoteConfig12HandleRebootEv
                0x0000000008001194       0x6c ../lib-remoteconfig/lib_gd32/libremoteconfig.a(remoteconfigreboot.o)
                0x0000000008001194                RemoteConfig::HandleReboot()
 .text._ZN14TFTPFileServer8FileOpenEPKc8TFTPMode
                0x0000000008001200        0x4 ../lib-remoteconfig/lib_gd32/libremoteconfig.a(tftpfileserver.o)
                0x0000000008001200                TFTPFileServer::FileOpen(char const*, TFTPMode)
 .text._ZN14TFTPFileServer8FileReadEPvjj
                0x0000000008001204        0x4 ../lib-remoteconfig/lib_gd32/libremoteconfig.a(tftpfileserver.o)
                0x0000000008001204                TFTPFileServer::FileRead(void*, unsigned int, unsigned int)
 .text._ZN14TFTPFileServer4ExitEv
                0x0000000008001208        0xc ../lib-remoteconfig/lib_gd32/libremoteconfig.a(tftpfileserver.o)
                0x0000000008001208                TFTPFileServer::Exit()
 .text._ZN14TFTPFileServer9FileCloseEv
                0x0000000008001214       0x30 ../lib-remoteconfig/lib_gd32/libremoteconfig.a(tftpfileserver.o)
                0x0000000008001214                TFTPFileServer::FileClose()
 .text._ZN14TFTPFileServerD2Ev
                0x0000000008001244       0x14 ../lib-remoteconfig/lib_gd32/libremoteconfig.a(tftpfileserver.o)
                0x0000000008001244                TFTPFileServer::~TFTPFileServer()
                0x0000000008001244                TFTPFileServer::~TFTPFileServer()
 .text._ZN14TFTPFileServerD0Ev
                0x0000000008001258       0x12 ../lib-remoteconfig/lib_gd32/libremoteconfig.a(tftpfileserver.o)
                0x0000000008001258                TFTPFileServer::~TFTPFileServer()
 *fill*         0x000000000800126a        0x2 
 .text._ZN14TFTPFileServer10FileCreateEPKc8TFTPMode
                0x000000000800126c       0x54 ../lib-remoteconfig/lib_gd32/libremoteconfig.a(tftpfileserver.o)
                0x000000000800126c                TFTPFileServer::FileCreate(char const*, TFTPMode)
 .text._ZN14TFTPFileServer9FileWriteEPKvjj
                0x00000000080012c0       0x5a ../lib-remoteconfig/lib_gd32/libremoteconfig.a(tftpfileserver.o)
                0x00000000080012c0                TFTPFileServer::FileWrite(void const*, unsigned int, unsigned int)
 *fill*         0x000000000800131a        0x2 
 .text._ZN14TFTPFileServerC2EPhj
                0x000000000800131c       0x28 ../lib-remoteconfig/lib_gd32/libremoteconfig.a(tftpfileserver.o)
                0x000000000800131c                TFTPFileServer::TFTPFileServer(unsigned char*, unsigned int)
                0x000000000800131c                TFTPFileServer::TFTPFileServer(unsigned char*, unsigned int)
 .text._ZN14tftpfileserver8is_validEPKv
                0x0000000008001344        0x4 ../lib-remoteconfig/lib_gd32/libremoteconfig.a(tftpfileserver.o)
                0x0000000008001344                tftpfileserver::is_valid(void const*)
 .text._ZN15SpiFlashInstallC2Ev
                0x0000000008001348       0x60 ../lib-spiflashinstall/lib_gd32/libspiflashinstall.a(spiflashinstall.o)
                0x0000000008001348                SpiFlashInstall::SpiFlashInstall()
                0x0000000008001348                SpiFlashInstall::SpiFlashInstall()
 .text._ZN15SpiFlashInstall13WriteFirmwareEPKhj
                0x00000000080013a8       0xf4 ../lib-spiflashinstall/lib_gd32/libspiflashinstall.a(spiflashinstall.o)
                0x00000000080013a8                SpiFlashInstall::WriteFirmware(unsigned char const*, unsigned int)
 .text.unlikely.net_init
                0x000000000800149c       0xa0 ../lib-network/lib_gd32/libnetwork.a(net.o)
                0x000000000800149c                net_init
 .text.unlikely.net_shutdown
                0x000000000800153c       0x1c ../lib-network/lib_gd32/libnetwork.a(net.o)
                0x000000000800153c                net_shutdown
 .text.hot.net_handle
                0x0000000008001558       0x38 ../lib-network/lib_gd32/libnetwork.a(net.o)
                0x0000000008001558                net_handle
 .text.net_timers_run
                0x0000000008001590       0x20 ../lib-network/lib_gd32/libnetwork.a(net_timers.o)
                0x0000000008001590                net_timers_run
 .text.unlikely.rfc3927_init
                0x00000000080015b0       0x18 ../lib-network/lib_gd32/libnetwork.a(rfc3927.o)
                0x00000000080015b0                rfc3927_init
 .text.rfc3927  0x00000000080015c8       0x80 ../lib-network/lib_gd32/libnetwork.a(rfc3927.o)
                0x00000000080015c8                rfc3927
 .text.memcpy.isra.0
                0x0000000008001648       0x14 ../lib-network/lib_gd32/libnetwork.a(tcp.o)
 .text.unlikely.tcp_init
                0x000000000800165c       0x4c ../lib-network/lib_gd32/libnetwork.a(tcp.o)
                0x000000000800165c                tcp_init
 .text.memcpy.isra.0
                0x00000000080016a8       0x14 ../lib-network/lib_gd32/libnetwork.a(udp.o)
 .text.net_memcpy
                0x00000000080016bc       0x44 ../lib-network/lib_gd32/libnetwork.a(udp.o)
                0x00000000080016bc                net_memcpy
 .text.udp_set_ip
                0x0000000008001700       0x40 ../lib-network/lib_gd32/libnetwork.a(udp.o)
                0x0000000008001700                udp_set_ip
 .text.unlikely.udp_init
                0x0000000008001740       0x5c ../lib-network/lib_gd32/libnetwork.a(udp.o)
                0x0000000008001740                udp_init
 .text.unlikely.udp_shutdown
                0x000000000800179c        0x2 ../lib-network/lib_gd32/libnetwork.a(udp.o)
                0x000000000800179c                udp_shutdown
 *fill*         0x000000000800179e        0x2 
 .text.hot.udp_handle
                0x00000000080017a0       0xac ../lib-network/lib_gd32/libnetwork.a(udp.o)
                0x00000000080017a0                udp_handle
 .text.udp_bind
                0x000000000800184c       0x3c ../lib-network/lib_gd32/libnetwork.a(udp.o)
                0x000000000800184c                udp_bind
 .text.udp_unbind
                0x0000000008001888       0x40 ../lib-network/lib_gd32/libnetwork.a(udp.o)
                0x0000000008001888                udp_unbind
 .text.udp_recv
                0x00000000080018c8       0x6c ../lib-network/lib_gd32/libnetwork.a(udp.o)
                0x00000000080018c8                udp_recv
 .text.udp_recv2
                0x0000000008001934       0x4c ../lib-network/lib_gd32/libnetwork.a(udp.o)
                0x0000000008001934                udp_recv2
 .text.udp_send
                0x0000000008001980      0x164 ../lib-network/lib_gd32/libnetwork.a(udp.o)
                0x0000000008001980                udp_send
 .text._ZN10TFTPDaemonC2Ev
                0x0000000008001ae4       0x5c ../lib-network/lib_gd32/libnetwork.a(tftpdaemon.o)
                0x0000000008001ae4                TFTPDaemon::TFTPDaemon()
                0x0000000008001ae4                TFTPDaemon::TFTPDaemon()
 .text._ZN10TFTPDaemonD2Ev
                0x0000000008001b40       0x28 ../lib-network/lib_gd32/libnetwork.a(tftpdaemon.o)
                0x0000000008001b40                TFTPDaemon::~TFTPDaemon()
                0x0000000008001b40                TFTPDaemon::~TFTPDaemon()
 .text._ZN10TFTPDaemon9SendErrorEtPKc
                0x0000000008001b68       0x4a ../lib-network/lib_gd32/libnetwork.a(tftpdaemon.o)
                0x0000000008001b68                TFTPDaemon::SendError(unsigned short, char const*)
 .text._ZN10TFTPDaemon6DoReadEv
                0x0000000008001bb2       0x7e ../lib-network/lib_gd32/libnetwork.a(tftpdaemon.o)
                0x0000000008001bb2                TFTPDaemon::DoRead()
 .text._ZN10TFTPDaemon13HandleRecvAckEv
                0x0000000008001c30       0x26 ../lib-network/lib_gd32/libnetwork.a(tftpdaemon.o)
                0x0000000008001c30                TFTPDaemon::HandleRecvAck()
 .text._ZN10TFTPDaemon10DoWriteAckEv
                0x0000000008001c56       0x3a ../lib-network/lib_gd32/libnetwork.a(tftpdaemon.o)
                0x0000000008001c56                TFTPDaemon::DoWriteAck()
 .text._ZN10TFTPDaemon13HandleRequestEv
                0x0000000008001c90      0x10c ../lib-network/lib_gd32/libnetwork.a(tftpdaemon.o)
                0x0000000008001c90                TFTPDaemon::HandleRequest()
 .text._ZN10TFTPDaemon14HandleRecvDataEv
                0x0000000008001d9c       0x68 ../lib-network/lib_gd32/libnetwork.a(tftpdaemon.o)
                0x0000000008001d9c                TFTPDaemon::HandleRecvData()
 .text._ZN10TFTPDaemon3RunEv
                0x0000000008001e04       0xac ../lib-network/lib_gd32/libnetwork.a(tftpdaemon.o)
                0x0000000008001e04                TFTPDaemon::Run()
 .text.strncpy.constprop.0.isra.0
                0x0000000008001eb0       0x22 ../lib-network/lib_gd32/libnetwork.a(network.o)
 *fill*         0x0000000008001ed2        0x2 
 .text._ZN7NetworkC2Ev
                0x0000000008001ed4       0x50 ../lib-network/lib_gd32/libnetwork.a(network.o)
                0x0000000008001ed4                Network::Network()
                0x0000000008001ed4                Network::Network()
 .text._ZN7Network8ShutdownEv
                0x0000000008001f24       0x10 ../lib-network/lib_gd32/libnetwork.a(network.o)
                0x0000000008001f24                Network::Shutdown()
 .text._ZN7Network5BeginEt
                0x0000000008001f34        0x6 ../lib-network/lib_gd32/libnetwork.a(network.o)
                0x0000000008001f34                Network::Begin(unsigned short)
 .text._ZN7Network3EndEt
                0x0000000008001f3a        0x6 ../lib-network/lib_gd32/libnetwork.a(network.o)
                0x0000000008001f3a                Network::End(unsigned short)
 .text._ZN7Network16MacAddressCopyToEPh
                0x0000000008001f40       0x16 ../lib-network/lib_gd32/libnetwork.a(network.o)
                0x0000000008001f40                Network::MacAddressCopyTo(unsigned char*)
 .text._ZN7Network12SetDefaultIpEv
                0x0000000008001f56       0x22 ../lib-network/lib_gd32/libnetwork.a(network.o)
                0x0000000008001f56                Network::SetDefaultIp()
 .text._ZN7Network4InitEP18NetworkParamsStore
                0x0000000008001f78      0x250 ../lib-network/lib_gd32/libnetwork.a(network.o)
                0x0000000008001f78                Network::Init(NetworkParamsStore*)
 .text._ZN7Network5PrintEv
                0x00000000080021c8       0xf8 ../lib-network/lib_gd32/libnetwork.a(network.o)
                0x00000000080021c8                Network::Print()
 .text._ZN13NetworkParamsC2EP18NetworkParamsStore
                0x00000000080022c0       0x18 ../lib-network/lib_gd32/libnetwork.a(networkparams.o)
                0x00000000080022c0                NetworkParams::NetworkParams(NetworkParamsStore*)
                0x00000000080022c0                NetworkParams::NetworkParams(NetworkParamsStore*)
 .text._ZN13NetworkParams4LoadEv
                0x00000000080022d8       0x18 ../lib-network/lib_gd32/libnetwork.a(networkparams.o)
                0x00000000080022d8                NetworkParams::Load()
 .text._ZN13NetworkParams4DumpEv
                0x00000000080022f0        0x2 ../lib-network/lib_gd32/libnetwork.a(networkparamsdump.o)
                0x00000000080022f0                NetworkParams::Dump()
 .text.memcpy.isra.0
                0x00000000080022f2       0x14 ../lib-network/lib_gd32/libnetwork.a(arp.o)
 *fill*         0x0000000008002306        0x2 
 .text.arp_announce
                0x0000000008002308       0x14 ../lib-network/lib_gd32/libnetwork.a(arp.o)
                0x0000000008002308                arp_announce
 .text.arp_handle_request
                0x000000000800231c       0x50 ../lib-network/lib_gd32/libnetwork.a(arp.o)
                0x000000000800231c                arp_handle_request
 .text.arp_handle_reply
                0x000000000800236c        0x8 ../lib-network/lib_gd32/libnetwork.a(arp.o)
                0x000000000800236c                arp_handle_reply
 .text.unlikely.arp_init
                0x0000000008002374       0xf8 ../lib-network/lib_gd32/libnetwork.a(arp.o)
                0x0000000008002374                arp_init
 .text.arp_send_request
                0x000000000800246c       0x14 ../lib-network/lib_gd32/libnetwork.a(arp.o)
                0x000000000800246c                arp_send_request
 .text.hot.arp_handle
                0x0000000008002480       0x18 ../lib-network/lib_gd32/libnetwork.a(arp.o)
                0x0000000008002480                arp_handle
 .text.unlikely.arp_cache_init
                0x0000000008002498       0x34 ../lib-network/lib_gd32/libnetwork.a(arp_cache.o)
                0x0000000008002498                arp_cache_init
 .text.arp_cache_update
                0x00000000080024cc       0x50 ../lib-network/lib_gd32/libnetwork.a(arp_cache.o)
                0x00000000080024cc                arp_cache_update
 .text.arp_cache_lookup
                0x000000000800251c       0x9c ../lib-network/lib_gd32/libnetwork.a(arp_cache.o)
                0x000000000800251c                arp_cache_lookup
 .text._parse_response
                0x00000000080025b8      0x188 ../lib-network/lib_gd32/libnetwork.a(dhcp.o)
 .text.memcpy.isra.0
                0x0000000008002740       0x14 ../lib-network/lib_gd32/libnetwork.a(dhcp.o)
 .text.dhcp_client
                0x0000000008002754      0x210 ../lib-network/lib_gd32/libnetwork.a(dhcp.o)
                0x0000000008002754                dhcp_client
 .text.dhcp_client_release
                0x0000000008002964       0x5c ../lib-network/lib_gd32/libnetwork.a(dhcp.o)
                0x0000000008002964                dhcp_client_release
 .text.memcpy.isra.0
                0x00000000080029c0       0x14 ../lib-network/lib_gd32/libnetwork.a(igmp.o)
 .text._send_report
                0x00000000080029d4       0x80 ../lib-network/lib_gd32/libnetwork.a(igmp.o)
 .text.igmp_set_ip
                0x0000000008002a54       0x2c ../lib-network/lib_gd32/libnetwork.a(igmp.o)
                0x0000000008002a54                igmp_set_ip
 .text.unlikely.igmp_init
                0x0000000008002a80       0xc4 ../lib-network/lib_gd32/libnetwork.a(igmp.o)
                0x0000000008002a80                igmp_init
 .text.hot.igmp_handle
                0x0000000008002b44       0xa0 ../lib-network/lib_gd32/libnetwork.a(igmp.o)
                0x0000000008002b44                igmp_handle
 .text.igmp_timer
                0x0000000008002be4       0x34 ../lib-network/lib_gd32/libnetwork.a(igmp.o)
                0x0000000008002be4                igmp_timer
 .text.igmp_leave
                0x0000000008002c18       0x88 ../lib-network/lib_gd32/libnetwork.a(igmp.o)
                0x0000000008002c18                igmp_leave
 .text.unlikely.igmp_shutdown
                0x0000000008002ca0       0x28 ../lib-network/lib_gd32/libnetwork.a(igmp.o)
                0x0000000008002ca0                igmp_shutdown
 .text.ip_set_ip
                0x0000000008002cc8       0x12 ../lib-network/lib_gd32/libnetwork.a(ip.o)
                0x0000000008002cc8                ip_set_ip
 .text.unlikely.ip_init
                0x0000000008002cda       0x16 ../lib-network/lib_gd32/libnetwork.a(ip.o)
                0x0000000008002cda                ip_init
 .text.unlikely.ip_shutdown
                0x0000000008002cf0        0xe ../lib-network/lib_gd32/libnetwork.a(ip.o)
                0x0000000008002cf0                ip_shutdown
 .text.hot.ip_handle
                0x0000000008002cfe       0x26 ../lib-network/lib_gd32/libnetwork.a(ip.o)
                0x0000000008002cfe                ip_handle
 .text.net_chksum
                0x0000000008002d24       0x3a ../lib-network/lib_gd32/libnetwork.a(net_chksum.o)
                0x0000000008002d24                net_chksum
 .text.memcpy.isra.0
                0x0000000008002d5e       0x14 ../lib-network/lib_gd32/libnetwork.a(icmp.o)
 *fill*         0x0000000008002d72        0x2 
 .text.hot.icmp_handle
                0x0000000008002d74       0x98 ../lib-network/lib_gd32/libnetwork.a(icmp.o)
                0x0000000008002d74                icmp_handle
 .text.console_putc
                0x0000000008002e0c       0x18 ../lib-hal/lib_gd32/libhal.a(console_uart0.o)
                0x0000000008002e0c                console_putc
 .text.console_puts
                0x0000000008002e24        0x4 ../lib-hal/lib_gd32/libhal.a(console_uart0.o)
                0x0000000008002e24                console_puts
 .text.console_set_fg_color
                0x0000000008002e28       0x44 ../lib-hal/lib_gd32/libhal.a(console_uart0.o)
                0x0000000008002e28                console_set_fg_color
 .text.console_error
                0x0000000008002e6c       0x24 ../lib-hal/lib_gd32/libhal.a(console_uart0.o)
                0x0000000008002e6c                console_error
 .text.console_status
                0x0000000008002e90       0x30 ../lib-hal/lib_gd32/libhal.a(console_uart0.o)
                0x0000000008002e90                console_status
 .text._ZN15FirmwareVersionC2EPKcS1_S1_
                0x0000000008002ec0       0x70 ../lib-hal/lib_gd32/libhal.a(firmwareversion.o)
                0x0000000008002ec0                FirmwareVersion::FirmwareVersion(char const*, char const*, char const*)
                0x0000000008002ec0                FirmwareVersion::FirmwareVersion(char const*, char const*, char const*)
 .text._ZN15FirmwareVersion5PrintEPKc
                0x0000000008002f30       0x1c ../lib-hal/lib_gd32/libhal.a(firmwareversion.o)
                0x0000000008002f30                FirmwareVersion::Print(char const*)
 .text._ZN8LedBlinkC2Ev
                0x0000000008002f4c       0x20 ../lib-hal/lib_gd32/libhal.a(ledblink.o)
                0x0000000008002f4c                LedBlink::LedBlink()
                0x0000000008002f4c                LedBlink::LedBlink()
 .text._ZN8LedBlink7SetModeEN8ledblink4ModeE
                0x0000000008002f6c       0x68 ../lib-hal/lib_gd32/libhal.a(ledblink.o)
                0x0000000008002f6c                LedBlink::SetMode(ledblink::Mode)
 .text._ZN8HardwareC2Ev
                0x0000000008002fd4       0xa0 ../lib-hal/lib_gd32/libhal.a(hardware.o)
                0x0000000008002fd4                Hardware::Hardware()
                0x0000000008002fd4                Hardware::Hardware()
 .text._ZN8Hardware6RebootEv
                0x0000000008003074       0x7c ../lib-hal/lib_gd32/libhal.a(hardware.o)
                0x0000000008003074                Hardware::Reboot()
 .text._ZdlPv   0x00000000080030f0        0x4 ../lib-c++/lib_gd32/libc++.a(delete.o)
                0x00000000080030f0                operator delete(void*)
 .text._ZdaPv   0x00000000080030f4        0x4 ../lib-c++/lib_gd32/libc++.a(delete.o)
                0x00000000080030f4                operator delete[](void*)
 .text._Znwj    0x00000000080030f8        0x4 ../lib-c++/lib_gd32/libc++.a(new.o)
                0x00000000080030f8                operator new(unsigned int)
 .text._Znaj    0x00000000080030fc        0x4 ../lib-c++/lib_gd32/libc++.a(new.o)
                0x00000000080030fc                operator new[](unsigned int)
 .text.__cxa_pure_virtual
                0x0000000008003100       0x18 ../lib-c++/lib_gd32/libc++.a(purecall.o)
                0x0000000008003100                __cxa_pure_virtual
 .text.__assert_func
                0x0000000008003118       0x2c ../lib-c/lib_gd32/libc.a(assert.o)
                0x0000000008003118                __assert_func
 .text.malloc   0x0000000008003144       0x5c ../lib-c/lib_gd32/libc.a(malloc.o)
                0x0000000008003144                malloc
 .text.free     0x00000000080031a0       0x34 ../lib-c/lib_gd32/libc.a(malloc.o)
                0x00000000080031a0                free
 .text.memmove  0x00000000080031d4       0x2e ../lib-c/lib_gd32/libc.a(memmove.o)
                0x00000000080031d4                memmove
 .text.memset   0x0000000008003202       0x4a ../lib-c/lib_gd32/libc.a(memset.o)
                0x0000000008003202                memset
 .text._xputch  0x000000000800324c       0x2c ../lib-c/lib_gd32/libc.a(printf.o)
 .text._format_int
                0x0000000008003278       0xec ../lib-c/lib_gd32/libc.a(printf.o)
 .text._format_hex
                0x0000000008003364       0xba ../lib-c/lib_gd32/libc.a(printf.o)
 *fill*         0x000000000800341e        0x2 
 .text._vprintf
                0x0000000008003420      0x224 ../lib-c/lib_gd32/libc.a(printf.o)
 .text.printf   0x0000000008003644       0x1e ../lib-c/lib_gd32/libc.a(printf.o)
                0x0000000008003644                printf
 *fill*         0x0000000008003662        0x2 
 .text.snprintf
                0x0000000008003664       0x30 ../lib-c/lib_gd32/libc.a(printf.o)
                0x0000000008003664                snprintf
 .text.isleapyear
                0x0000000008003694       0x2c ../lib-c/lib_gd32/libc.a(time.o)
 .text.getdaysofmonth
                0x00000000080036c0       0x20 ../lib-c/lib_gd32/libc.a(time.o)
 .text.mktime   0x00000000080036e0       0x96 ../lib-c/lib_gd32/libc.a(time.o)
                0x00000000080036e0                mktime
 *fill*         0x0000000008003776        0x2 
 .text.gettimeofday
                0x0000000008003778       0x54 ../lib-c/lib_gd32/libc.a(time.o)
                0x0000000008003778                gettimeofday
 .text.settimeofday
                0x00000000080037cc       0x30 ../lib-c/lib_gd32/libc.a(time.o)
                0x00000000080037cc                settimeofday
 .text.time     0x00000000080037fc       0x16 ../lib-c/lib_gd32/libc.a(time.o)
                0x00000000080037fc                time
 *fill*         0x0000000008003812        0x2 
 .text.uart0_init
                0x0000000008003814       0x20 ../lib-gd32/lib_gd32/libgd32.a(gd32_uart0.o)
                0x0000000008003814                uart0_init
 .text.uart0_putc
                0x0000000008003834       0x40 ../lib-gd32/lib_gd32/libgd32.a(gd32_uart0.o)
                0x0000000008003834                uart0_putc
 .text.uart0_puts
                0x0000000008003874       0x1e ../lib-gd32/lib_gd32/libgd32.a(gd32_uart0.o)
                0x0000000008003874                uart0_puts
 *fill*         0x0000000008003892        0x2 
 .text.systick_config
                0x0000000008003894       0x3c ../lib-gd32/lib_gd32/libgd32.a(systick.o)
                0x0000000008003894                systick_config
 .text.SysTick_Handler
                0x00000000080038d0       0x10 ../lib-gd32/lib_gd32/libgd32.a(systick.o)
                0x00000000080038d0                SysTick_Handler
 .text.SystemInit
                0x00000000080038e0       0xf0 ../lib-gd32/lib_gd32/libgd32.a(system_gd32f10x.o)
                0x00000000080038e0                SystemInit
 .text.fmc_bank0_unlock
                0x00000000080039d0       0x1c ../lib-gd32/lib_gd32/libgd32.a(gd32f10x_fmc.o)
                0x00000000080039d0                fmc_bank0_unlock
 .text.fmc_bank0_lock
                0x00000000080039ec       0x10 ../lib-gd32/lib_gd32/libgd32.a(gd32f10x_fmc.o)
                0x00000000080039ec                fmc_bank0_lock
 .text.fmc_bank0_state_get
                0x00000000080039fc       0x28 ../lib-gd32/lib_gd32/libgd32.a(gd32f10x_fmc.o)
                0x00000000080039fc                fmc_bank0_state_get
 .text.fmc_bank1_state_get
                0x0000000008003a24       0x28 ../lib-gd32/lib_gd32/libgd32.a(gd32f10x_fmc.o)
                0x0000000008003a24                fmc_bank1_state_get
 .text.fmc_bank0_ready_wait
                0x0000000008003a4c       0x18 ../lib-gd32/lib_gd32/libgd32.a(gd32f10x_fmc.o)
                0x0000000008003a4c                fmc_bank0_ready_wait
 .text.fmc_bank1_ready_wait
                0x0000000008003a64       0x18 ../lib-gd32/lib_gd32/libgd32.a(gd32f10x_fmc.o)
                0x0000000008003a64                fmc_bank1_ready_wait
 .text.fmc_page_erase
                0x0000000008003a7c       0x8c ../lib-gd32/lib_gd32/libgd32.a(gd32f10x_fmc.o)
                0x0000000008003a7c                fmc_page_erase
 .text.fmc_word_program
                0x0000000008003b08       0x78 ../lib-gd32/lib_gd32/libgd32.a(gd32f10x_fmc.o)
                0x0000000008003b08                fmc_word_program
 .text.fwdgt_enable
                0x0000000008003b80       0x10 ../lib-gd32/lib_gd32/libgd32.a(gd32f10x_fwdgt.o)
                0x0000000008003b80                fwdgt_enable
 .text.fwdgt_config
                0x0000000008003b90       0x54 ../lib-gd32/lib_gd32/libgd32.a(gd32f10x_fwdgt.o)
                0x0000000008003b90                fwdgt_config
 .text.gpio_init
                0x0000000008003be4       0xa8 ../lib-gd32/lib_gd32/libgd32.a(gd32f10x_gpio.o)
                0x0000000008003be4                gpio_init
 .text.gpio_input_bit_get
                0x0000000008003c8c        0xc ../lib-gd32/lib_gd32/libgd32.a(gd32f10x_gpio.o)
                0x0000000008003c8c                gpio_input_bit_get
 .text.gpio_pin_remap_config
                0x0000000008003c98       0x60 ../lib-gd32/lib_gd32/libgd32.a(gd32f10x_gpio.o)
                0x0000000008003c98                gpio_pin_remap_config
 .text.gpio_ethernet_phy_select
                0x0000000008003cf8       0x18 ../lib-gd32/lib_gd32/libgd32.a(gd32f10x_gpio.o)
                0x0000000008003cf8                gpio_ethernet_phy_select
 .text.rcu_periph_clock_enable
                0x0000000008003d10       0x1c ../lib-gd32/lib_gd32/libgd32.a(gd32f10x_rcu.o)
                0x0000000008003d10                rcu_periph_clock_enable
 .text.rcu_periph_clock_disable
                0x0000000008003d2c       0x1e ../lib-gd32/lib_gd32/libgd32.a(gd32f10x_rcu.o)
                0x0000000008003d2c                rcu_periph_clock_disable
 .text.rcu_periph_reset_enable
                0x0000000008003d4a        0x4 ../lib-gd32/lib_gd32/libgd32.a(gd32f10x_rcu.o)
                0x0000000008003d4a                rcu_periph_reset_enable
 .text.rcu_periph_reset_disable
                0x0000000008003d4e        0x4 ../lib-gd32/lib_gd32/libgd32.a(gd32f10x_rcu.o)
                0x0000000008003d4e                rcu_periph_reset_disable
 *fill*         0x0000000008003d52        0x2 
 .text.rcu_ckout0_config
                0x0000000008003d54       0x14 ../lib-gd32/lib_gd32/libgd32.a(gd32f10x_rcu.o)
                0x0000000008003d54                rcu_ckout0_config
 .text.rcu_pll2_config
                0x0000000008003d68       0x18 ../lib-gd32/lib_gd32/libgd32.a(gd32f10x_rcu.o)
                0x0000000008003d68                rcu_pll2_config
 .text.rcu_adc_clock_config
                0x0000000008003d80       0x3c ../lib-gd32/lib_gd32/libgd32.a(gd32f10x_rcu.o)
                0x0000000008003d80                rcu_adc_clock_config
 .text.rcu_flag_get
                0x0000000008003dbc       0x1a ../lib-gd32/lib_gd32/libgd32.a(gd32f10x_rcu.o)
                0x0000000008003dbc                rcu_flag_get
 *fill*         0x0000000008003dd6        0x2 
 .text.rcu_osci_stab_wait
                0x0000000008003dd8       0xc0 ../lib-gd32/lib_gd32/libgd32.a(gd32f10x_rcu.o)
                0x0000000008003dd8                rcu_osci_stab_wait
 .text.rcu_osci_on
                0x0000000008003e98        0x4 ../lib-gd32/lib_gd32/libgd32.a(gd32f10x_rcu.o)
                0x0000000008003e98                rcu_osci_on
 .text.rcu_clock_freq_get
                0x0000000008003e9c      0x10c ../lib-gd32/lib_gd32/libgd32.a(gd32f10x_rcu.o)
                0x0000000008003e9c                rcu_clock_freq_get
 .text.timer_deinit
                0x0000000008003fa8       0xc4 ../lib-gd32/lib_gd32/libgd32.a(gd32f10x_timer.o)
                0x0000000008003fa8                timer_deinit
 .text.timer_init
                0x000000000800406c       0xb0 ../lib-gd32/lib_gd32/libgd32.a(gd32f10x_timer.o)
                0x000000000800406c                timer_init
 .text.timer_enable
                0x000000000800411c        0xa ../lib-gd32/lib_gd32/libgd32.a(gd32f10x_timer.o)
                0x000000000800411c                timer_enable
 *fill*         0x0000000008004126        0x2 
 .text.usart_deinit
                0x0000000008004128       0x80 ../lib-gd32/lib_gd32/libgd32.a(gd32f10x_usart.o)
                0x0000000008004128                usart_deinit
 .text.usart_baudrate_set
                0x00000000080041a8       0x50 ../lib-gd32/lib_gd32/libgd32.a(gd32f10x_usart.o)
                0x00000000080041a8                usart_baudrate_set
 .text.usart_parity_config
                0x00000000080041f8       0x10 ../lib-gd32/lib_gd32/libgd32.a(gd32f10x_usart.o)
                0x00000000080041f8                usart_parity_config
 .text.usart_word_length_set
                0x0000000008004208       0x10 ../lib-gd32/lib_gd32/libgd32.a(gd32f10x_usart.o)
                0x0000000008004208                usart_word_length_set
 .text.usart_stop_bit_set
                0x0000000008004218       0x10 ../lib-gd32/lib_gd32/libgd32.a(gd32f10x_usart.o)
                0x0000000008004218                usart_stop_bit_set
 .text.usart_transmit_config
                0x0000000008004228        0xc ../lib-gd32/lib_gd32/libgd32.a(gd32f10x_usart.o)
                0x0000000008004228                usart_transmit_config
 .text.usart_receive_config
                0x0000000008004234        0xc ../lib-gd32/lib_gd32/libgd32.a(gd32f10x_usart.o)
                0x0000000008004234                usart_receive_config
 .text.usart_hardware_flow_rts_config
                0x0000000008004240        0xc ../lib-gd32/lib_gd32/libgd32.a(gd32f10x_usart.o)
                0x0000000008004240                usart_hardware_flow_rts_config
 .text.usart_hardware_flow_cts_config
                0x000000000800424c        0xc ../lib-gd32/lib_gd32/libgd32.a(gd32f10x_usart.o)
                0x000000000800424c                usart_hardware_flow_cts_config
 .text.usart_flag_get
                0x0000000008004258       0x10 ../lib-gd32/lib_gd32/libgd32.a(gd32f10x_usart.o)
                0x0000000008004258                usart_flag_get
 .text.emac_start
                0x0000000008004268      0x168 ../lib-gd32/lib_gd32/libgd32.a(emac.o)
                0x0000000008004268                emac_start
 .text.emac_eth_recv
                0x00000000080043d0       0x28 ../lib-gd32/lib_gd32/libgd32.a(emac.o)
                0x00000000080043d0                emac_eth_recv
 .text.emac_free_pkt
                0x00000000080043f8        0x8 ../lib-gd32/lib_gd32/libgd32.a(emac.o)
                0x00000000080043f8                emac_free_pkt
 .text.emac_eth_send
                0x0000000008004400        0x4 ../lib-gd32/lib_gd32/libgd32.a(emac.o)
                0x0000000008004400                emac_eth_send
 .text._Z13gd32_adc_initv
                0x0000000008004404       0x90 ../lib-gd32/lib_gd32/libgd32.a(gd32_adc.o)
                0x0000000008004404                gd32_adc_init()
 .text._Z14gd32_i2c_beginv
                0x0000000008004494       0x5c ../lib-gd32/lib_gd32/libgd32.a(gd32_i2c.o)
                0x0000000008004494                gd32_i2c_begin()
 .text.gd32_uart_begin
                0x00000000080044f0      0x19c ../lib-gd32/lib_gd32/libgd32.a(gd32_uart.o)
                0x00000000080044f0                gd32_uart_begin
 .text._Z11micros_initv
                0x000000000800468c        0x2 ../lib-gd32/lib_gd32/libgd32.a(micros.o)
                0x000000000800468c                micros_init()
 *fill*         0x000000000800468e        0x2 
 .text._Z11udelay_initv
                0x0000000008004690       0x28 ../lib-gd32/lib_gd32/libgd32.a(udelay.o)
                0x0000000008004690                udelay_init()
 .text._Z6udelayjj
                0x00000000080046b8       0x30 ../lib-gd32/lib_gd32/libgd32.a(udelay.o)
                0x00000000080046b8                udelay(unsigned int, unsigned int)
 .text.adc_mode_config
                0x00000000080046e8       0x20 ../lib-gd32/lib_gd32/libgd32.a(gd32f10x_adc.o)
                0x00000000080046e8                adc_mode_config
 .text.adc_special_function_config
                0x0000000008004708       0x50 ../lib-gd32/lib_gd32/libgd32.a(gd32f10x_adc.o)
                0x0000000008004708                adc_special_function_config
 .text.adc_data_alignment_config
                0x0000000008004758       0x12 ../lib-gd32/lib_gd32/libgd32.a(gd32f10x_adc.o)
                0x0000000008004758                adc_data_alignment_config
 .text.adc_enable
                0x000000000800476a       0x10 ../lib-gd32/lib_gd32/libgd32.a(gd32f10x_adc.o)
                0x000000000800476a                adc_enable
 .text.adc_calibration_enable
                0x000000000800477a       0x22 ../lib-gd32/lib_gd32/libgd32.a(gd32f10x_adc.o)
                0x000000000800477a                adc_calibration_enable
 .text.adc_tempsensor_vrefint_enable
                0x000000000800479c       0x14 ../lib-gd32/lib_gd32/libgd32.a(gd32f10x_adc.o)
                0x000000000800479c                adc_tempsensor_vrefint_enable
 .text.adc_channel_length_config
                0x00000000080047b0       0x3a ../lib-gd32/lib_gd32/libgd32.a(gd32f10x_adc.o)
                0x00000000080047b0                adc_channel_length_config
 .text.adc_inserted_channel_config
                0x00000000080047ea       0x5e ../lib-gd32/lib_gd32/libgd32.a(gd32f10x_adc.o)
                0x00000000080047ea                adc_inserted_channel_config
 .text.adc_external_trigger_source_config
                0x0000000008004848       0x22 ../lib-gd32/lib_gd32/libgd32.a(gd32f10x_adc.o)
                0x0000000008004848                adc_external_trigger_source_config
 .text.adc_external_trigger_config
                0x000000000800486a       0x36 ../lib-gd32/lib_gd32/libgd32.a(gd32f10x_adc.o)
                0x000000000800486a                adc_external_trigger_config
 .text.adc_software_trigger_enable
                0x00000000080048a0       0x1a ../lib-gd32/lib_gd32/libgd32.a(gd32f10x_adc.o)
                0x00000000080048a0                adc_software_trigger_enable
 .text.enet_delay
                0x00000000080048ba       0x18 ../lib-gd32/lib_gd32/libgd32.a(gd32f10x_enet.o)
 *fill*         0x00000000080048d2        0x2 
 .text.enet_software_reset
                0x00000000080048d4       0x28 ../lib-gd32/lib_gd32/libgd32.a(gd32f10x_enet.o)
                0x00000000080048d4                enet_software_reset
 .text.enet_descriptors_chain_init
                0x00000000080048fc       0x88 ../lib-gd32/lib_gd32/libgd32.a(gd32f10x_enet.o)
                0x00000000080048fc                enet_descriptors_chain_init
 .text.enet_frame_receive
                0x0000000008004984       0x80 ../lib-gd32/lib_gd32/libgd32.a(gd32f10x_enet.o)
                0x0000000008004984                enet_frame_receive
 .text.enet_frame_transmit
                0x0000000008004a04       0x84 ../lib-gd32/lib_gd32/libgd32.a(gd32f10x_enet.o)
                0x0000000008004a04                enet_frame_transmit
 .text.enet_transmit_checksum_config
                0x0000000008004a88        0xc ../lib-gd32/lib_gd32/libgd32.a(gd32f10x_enet.o)
                0x0000000008004a88                enet_transmit_checksum_config
 .text.enet_mac_address_set
                0x0000000008004a94       0x14 ../lib-gd32/lib_gd32/libgd32.a(gd32f10x_enet.o)
                0x0000000008004a94                enet_mac_address_set
 .text.enet_rx_enable
                0x0000000008004aa8       0x1c ../lib-gd32/lib_gd32/libgd32.a(gd32f10x_enet.o)
                0x0000000008004aa8                enet_rx_enable
 .text.enet_phy_write_read
                0x0000000008004ac4       0x5c ../lib-gd32/lib_gd32/libgd32.a(gd32f10x_enet.o)
                0x0000000008004ac4                enet_phy_write_read
 .text.enet_phy_config
                0x0000000008004b20       0xb4 ../lib-gd32/lib_gd32/libgd32.a(gd32f10x_enet.o)
                0x0000000008004b20                enet_phy_config
 .text.enet_init
                0x0000000008004bd4      0x2e8 ../lib-gd32/lib_gd32/libgd32.a(gd32f10x_enet.o)
                0x0000000008004bd4                enet_init
 .text.enet_txfifo_flush
                0x0000000008004ebc       0x24 ../lib-gd32/lib_gd32/libgd32.a(gd32f10x_enet.o)
                0x0000000008004ebc                enet_txfifo_flush
 .text.enet_tx_enable
                0x0000000008004ee0       0x24 ../lib-gd32/lib_gd32/libgd32.a(gd32f10x_enet.o)
                0x0000000008004ee0                enet_tx_enable
 .text.enet_enable
                0x0000000008004f04        0xe ../lib-gd32/lib_gd32/libgd32.a(gd32f10x_enet.o)
                0x0000000008004f04                enet_enable
 .text.enet_desc_information_get
                0x0000000008004f12       0x3e ../lib-gd32/lib_gd32/libgd32.a(gd32f10x_enet.o)
                0x0000000008004f12                enet_desc_information_get
 .text.enet_rxframe_drop
                0x0000000008004f50       0x64 ../lib-gd32/lib_gd32/libgd32.a(gd32f10x_enet.o)
                0x0000000008004f50                enet_rxframe_drop
 .text.enet_rxframe_size_get
                0x0000000008004fb4       0x38 ../lib-gd32/lib_gd32/libgd32.a(gd32f10x_enet.o)
                0x0000000008004fb4                enet_rxframe_size_get
 .text.enet_initpara_reset
                0x0000000008004fec       0x28 ../lib-gd32/lib_gd32/libgd32.a(gd32f10x_enet.o)
                0x0000000008004fec                enet_initpara_reset
 .text.enet_deinit
                0x0000000008005014       0x1a ../lib-gd32/lib_gd32/libgd32.a(gd32f10x_enet.o)
                0x0000000008005014                enet_deinit
 *fill*         0x000000000800502e        0x2 
 .text.i2c_clock_config
                0x0000000008005030       0xbc ../lib-gd32/lib_gd32/libgd32.a(gd32f10x_i2c.o)
                0x0000000008005030                i2c_clock_config
 .text.i2c_ack_config
                0x00000000080050ec       0x12 ../lib-gd32/lib_gd32/libgd32.a(gd32f10x_i2c.o)
                0x00000000080050ec                i2c_ack_config
 .text.i2c_enable
                0x00000000080050fe        0xa ../lib-gd32/lib_gd32/libgd32.a(gd32f10x_i2c.o)
                0x00000000080050fe                i2c_enable
 *(.glue_7)
 .glue_7        0x0000000008005108        0x0 linker stubs
 *(.glue_7t)
 .glue_7t       0x0000000008005108        0x0 linker stubs
 *(.eh_frame)
 *(.init)
 *(.fini)
                0x0000000008005108                . = ALIGN (0x4)
                0x0000000008005108                _etext = .

.vfp11_veneer   0x0000000008005108        0x0
 .vfp11_veneer  0x0000000008005108        0x0 linker stubs

.v4_bx          0x0000000008005108        0x0
 .v4_bx         0x0000000008005108        0x0 linker stubs

.iplt           0x0000000008005108        0x0
 .iplt          0x0000000008005108        0x0 build_gd32/startup_gd32f10x_cl.o

.rodata         0x0000000008005108      0x7a8
                0x0000000008005108                . = ALIGN (0x4)
 *(.rodata)
 .rodata        0x0000000008005108       0x18 ../lib-gd32/lib_gd32/libgd32.a(gd32f10x_rcu.o)
 *(.rodata*)
 .rodata.main.str1.1
                0x0000000008005120       0x2c build_gd32/firmware/main.o
 .rodata._ZL16SOFTWARE_VERSION
                0x000000000800514c        0x4 build_gd32/firmware/main.o
 .rodata._ZN13SpiFlashStoreC2Ev.str1.1
                0x0000000008005150       0x30 ../lib-spiflashstore/lib_gd32/libspiflashstore.a(spiflashstore.o)
 .rodata._ZN13SpiFlashStore5FlashEv.str1.1
                0x0000000008005180       0x1e ../lib-spiflashstore/lib_gd32/libspiflashstore.a(spiflashstore.o)
 *fill*         0x000000000800519e        0x2 
 .rodata._ZL11s_aStorSize
                0x00000000080051a0       0x70 ../lib-spiflashstore/lib_gd32/libspiflashstore.a(spiflashstore.o)
 .rodata._ZTV12StoreNetwork
                0x0000000008005210       0x50 ../lib-spiflashstore/lib_gd32/libspiflashstore.a(storenetwork.o)
                0x0000000008005210                vtable for StoreNetwork
 .rodata._ZTV17StoreRemoteConfig
                0x0000000008005260       0x18 ../lib-spiflashstore/lib_gd32/libspiflashstore.a(storeremoteconfig.o)
                0x0000000008005260                vtable for StoreRemoteConfig
 .rodata.spi_flash_get_name.str1.1
                0x0000000008005278        0x5 ../lib-spiflash/lib_gd32/libspiflash.a(spi_flash.o)
 .rodata._ZN12RemoteConfig10HandleListEv.str1.1
                0x000000000800527d       0x2f ../lib-remoteconfig/lib_gd32/libremoteconfig.a(remoteconfig.o)
 .rodata._ZN12RemoteConfig13HandleTftpGetEv.str1.1
                0x00000000080052ac        0x9 ../lib-remoteconfig/lib_gd32/libremoteconfig.a(remoteconfig.o)
                                         0x10 (size before relaxing)
 .rodata._ZN12RemoteConfig13HandleVersionEv.str1.1
                0x00000000080052b5        0xb ../lib-remoteconfig/lib_gd32/libremoteconfig.a(remoteconfig.o)
 .rodata._ZN12RemoteConfig12HandleUptimeEv.str1.1
                0x00000000080052c0        0xd ../lib-remoteconfig/lib_gd32/libremoteconfig.a(remoteconfig.o)
 .rodata._ZN12RemoteConfig13HandleTftpSetEv.str1.1
                0x00000000080052cd       0x43 ../lib-remoteconfig/lib_gd32/libremoteconfig.a(remoteconfig.o)
 .rodata._ZN12RemoteConfig3RunEv.str1.1
                0x0000000008005310       0x18 ../lib-remoteconfig/lib_gd32/libremoteconfig.a(remoteconfig.o)
 .rodata.str1.1
                0x0000000008005328       0x31 ../lib-remoteconfig/lib_gd32/libremoteconfig.a(remoteconfig.o)
 .rodata._ZL6s_Node
                0x0000000008005359       0xb4 ../lib-remoteconfig/lib_gd32/libremoteconfig.a(remoteconfig.o)
 .rodata._ZL8s_Output
                0x000000000800540d       0x90 ../lib-remoteconfig/lib_gd32/libremoteconfig.a(remoteconfig.o)
 *fill*         0x000000000800549d        0x3 
 .rodata._ZN12RemoteConfig5s_GETE
                0x00000000080054a0       0x70 ../lib-remoteconfig/lib_gd32/libremoteconfig.a(remoteconfig.o)
                0x00000000080054a0                RemoteConfig::s_GET
 .rodata._ZN12RemoteConfig12HandleRebootEv.str1.1
                0x0000000008005510       0x1d ../lib-remoteconfig/lib_gd32/libremoteconfig.a(remoteconfigreboot.o)
 .rodata._ZN14TFTPFileServer9FileCloseEv.str1.1
                0x000000000800552d       0x17 ../lib-remoteconfig/lib_gd32/libremoteconfig.a(tftpfileserver.o)
 .rodata._ZN14TFTPFileServer10FileCreateEPKc8TFTPMode.str1.1
                0x0000000008005544       0x1b ../lib-remoteconfig/lib_gd32/libremoteconfig.a(tftpfileserver.o)
 .rodata._ZN14tftpfileserverL9FILE_NAMEE
                0x000000000800555f        0x9 ../lib-remoteconfig/lib_gd32/libremoteconfig.a(tftpfileserver.o)
 .rodata._ZTV14TFTPFileServer
                0x0000000008005568       0x28 ../lib-remoteconfig/lib_gd32/libremoteconfig.a(tftpfileserver.o)
                0x0000000008005568                vtable for TFTPFileServer
 .rodata._ZN15SpiFlashInstallC2Ev.str1.1
                0x0000000008005590       0x1e ../lib-spiflashinstall/lib_gd32/libspiflashinstall.a(spiflashinstall.o)
 .rodata._ZN15SpiFlashInstall13WriteFirmwareEPKhj.str1.1
                0x00000000080055ae       0x63 ../lib-spiflashinstall/lib_gd32/libspiflashinstall.a(spiflashinstall.o)
 .rodata.udp_bind.str1.1
                0x0000000008005611        0x5 ../lib-network/lib_gd32/libnetwork.a(udp.o)
 .rodata.udp_unbind.str1.1
                0x0000000008005616        0x8 ../lib-network/lib_gd32/libnetwork.a(udp.o)
 .rodata.udp_send.str1.1
                0x000000000800561e       0x39 ../lib-network/lib_gd32/libnetwork.a(udp.o)
 .rodata._ZN10TFTPDaemon13HandleRequestEv.str1.1
                0x0000000008005657       0x53 ../lib-network/lib_gd32/libnetwork.a(tftpdaemon.o)
 .rodata._ZN10TFTPDaemon14HandleRecvDataEv.str1.1
                0x00000000080056aa        0xd ../lib-network/lib_gd32/libnetwork.a(tftpdaemon.o)
 *fill*         0x00000000080056b7        0x1 
 .rodata._ZTV10TFTPDaemon
                0x00000000080056b8       0x28 ../lib-network/lib_gd32/libnetwork.a(tftpdaemon.o)
                0x00000000080056b8                vtable for TFTPDaemon
 .rodata._ZN7NetworkC2Ev.str1.1
                0x00000000080056e0        0x5 ../lib-network/lib_gd32/libnetwork.a(network.o)
 .rodata._ZN7Network4InitEP18NetworkParamsStore.str1.1
                0x00000000080056e5        0xc ../lib-network/lib_gd32/libnetwork.a(network.o)
 .rodata._ZN7Network5PrintEv.str1.1
                0x00000000080056f1       0xd7 ../lib-network/lib_gd32/libnetwork.a(network.o)
 .rodata.console_init.str1.1
                0x00000000080057c8        0xc ../lib-hal/lib_gd32/libhal.a(console_uart0.o)
 .rodata.console_set_fg_color.str1.1
                0x00000000080057d4       0x1e ../lib-hal/lib_gd32/libhal.a(console_uart0.o)
 .rodata._ZN15FirmwareVersionC2EPKcS1_S1_.str1.1
                0x00000000080057f2       0x2e ../lib-hal/lib_gd32/libhal.a(firmwareversion.o)
 .rodata.__cxa_pure_virtual.str1.1
                0x0000000008005820       0x24 ../lib-c++/lib_gd32/libc++.a(purecall.o)
                                         0x26 (size before relaxing)
 .rodata.__assert_func.str1.1
                0x0000000008005844       0x3c ../lib-c/lib_gd32/libc.a(assert.o)
                                         0x3d (size before relaxing)
 .rodata.days_of_month
                0x0000000008005880       0x30 ../lib-c/lib_gd32/libc.a(time.o)
                0x00000000080058b0                . = ALIGN (0x4)

.ARM.extab
 *(.ARM.extab* .gnu.linkonce.armextab.*)

.ARM            0x00000000080058b0        0x8
                0x00000000080058b0                __exidx_start = .
 *(.ARM.exidx*)
 .ARM.exidx     0x00000000080058b0        0x8 /Applications/ARM/bin/../lib/gcc/arm-none-eabi/10.3.1/thumb/v7-m/nofp/libgcc.a(_udivmoddi4.o)
                0x00000000080058b8                __exidx_end = .

.rel.dyn        0x00000000080058b8        0x0
 .rel.iplt      0x00000000080058b8        0x0 build_gd32/startup_gd32f10x_cl.o

.ARM.attributes
                0x00000000080058b8       0x2f
 *(.ARM.attributes)
 .ARM.attributes
                0x00000000080058b8       0x21 build_gd32/startup_gd32f10x_cl.o
 .ARM.attributes
                0x00000000080058d9       0x2d build_gd32/firmware/main.o
 .ARM.attributes
                0x0000000008005906       0x2d build_gd32/lib/display.o
 .ARM.attributes
                0x0000000008005933       0x2d build_gd32/lib/display7segment.o
 .ARM.attributes
                0x0000000008005960       0x2d build_gd32/lib/networkdisplay.o
 .ARM.attributes
                0x000000000800598d       0x2d ../lib-c/lib_gd32/libc.a(puts.o)
 .ARM.attributes
                0x00000000080059ba       0x2d ../lib-spiflashstore/lib_gd32/libspiflashstore.a(spiflashstore.o)
 .ARM.attributes
                0x00000000080059e7       0x2d ../lib-spiflashstore/lib_gd32/libspiflashstore.a(storenetwork.o)
 .ARM.attributes
                0x0000000008005a14       0x2d ../lib-spiflashstore/lib_gd32/libspiflashstore.a(storeremoteconfig.o)
 .ARM.attributes
                0x0000000008005a41       0x2d ../lib-spiflash/lib_gd32/libspiflash.a(spi_flash.o)
 .ARM.attributes
                0x0000000008005a6e       0x2d ../lib-remoteconfig/lib_gd32/libremoteconfig.a(remoteconfig.o)
 .ARM.attributes
                0x0000000008005a9b       0x2d ../lib-remoteconfig/lib_gd32/libremoteconfig.a(remoteconfigfactory.o)
 .ARM.attributes
                0x0000000008005ac8       0x2d ../lib-remoteconfig/lib_gd32/libremoteconfig.a(remoteconfigparams.o)
 .ARM.attributes
                0x0000000008005af5       0x2d ../lib-remoteconfig/lib_gd32/libremoteconfig.a(remoteconfigreboot.o)
 .ARM.attributes
                0x0000000008005b22       0x2d ../lib-remoteconfig/lib_gd32/libremoteconfig.a(tftpfileserver.o)
 .ARM.attributes
                0x0000000008005b4f       0x2d ../lib-remoteconfig/lib_gd32/libremoteconfig.a(tftpfileserver.o)
 .ARM.attributes
                0x0000000008005b7c       0x2d ../lib-spiflashinstall/lib_gd32/libspiflashinstall.a(spiflashinstall.o)
 .ARM.attributes
                0x0000000008005ba9       0x2d ../lib-spiflashinstall/lib_gd32/libspiflashinstall.a(spiflashinstall.o)
 .ARM.attributes
                0x0000000008005bd6       0x2d ../lib-network/lib_gd32/libnetwork.a(net.o)
 .ARM.attributes
                0x0000000008005c03       0x2d ../lib-network/lib_gd32/libnetwork.a(net_timers.o)
 .ARM.attributes
                0x0000000008005c30       0x2d ../lib-network/lib_gd32/libnetwork.a(rfc3927.o)
 .ARM.attributes
                0x0000000008005c5d       0x2d ../lib-network/lib_gd32/libnetwork.a(tcp.o)
 .ARM.attributes
                0x0000000008005c8a       0x2d ../lib-network/lib_gd32/libnetwork.a(udp.o)
 .ARM.attributes
                0x0000000008005cb7       0x2d ../lib-network/lib_gd32/libnetwork.a(tftpdaemon.o)
 .ARM.attributes
                0x0000000008005ce4       0x2d ../lib-network/lib_gd32/libnetwork.a(network.o)
 .ARM.attributes
                0x0000000008005d11       0x2d ../lib-network/lib_gd32/libnetwork.a(networkparams.o)
 .ARM.attributes
                0x0000000008005d3e       0x2d ../lib-network/lib_gd32/libnetwork.a(networkparamsdump.o)
 .ARM.attributes
                0x0000000008005d6b       0x2d ../lib-network/lib_gd32/libnetwork.a(arp.o)
 .ARM.attributes
                0x0000000008005d98       0x2d ../lib-network/lib_gd32/libnetwork.a(arp_cache.o)
 .ARM.attributes
                0x0000000008005dc5       0x2d ../lib-network/lib_gd32/libnetwork.a(dhcp.o)
 .ARM.attributes
                0x0000000008005df2       0x2d ../lib-network/lib_gd32/libnetwork.a(igmp.o)
 .ARM.attributes
                0x0000000008005e1f       0x2d ../lib-network/lib_gd32/libnetwork.a(ip.o)
 .ARM.attributes
                0x0000000008005e4c       0x2d ../lib-network/lib_gd32/libnetwork.a(net_chksum.o)
 .ARM.attributes
                0x0000000008005e79       0x2d ../lib-network/lib_gd32/libnetwork.a(icmp.o)
 .ARM.attributes
                0x0000000008005ea6       0x2d ../lib-hal/lib_gd32/libhal.a(console_uart0.o)
 .ARM.attributes
                0x0000000008005ed3       0x2d ../lib-hal/lib_gd32/libhal.a(firmwareversion.o)
 .ARM.attributes
                0x0000000008005f00       0x2d ../lib-hal/lib_gd32/libhal.a(ledblink.o)
 .ARM.attributes
                0x0000000008005f2d       0x2d ../lib-hal/lib_gd32/libhal.a(hardware.o)
 .ARM.attributes
                0x0000000008005f5a       0x2d ../lib-c++/lib_gd32/libc++.a(delete.o)
 .ARM.attributes
                0x0000000008005f87       0x2d ../lib-c++/lib_gd32/libc++.a(new.o)
 .ARM.attributes
                0x0000000008005fb4       0x2d ../lib-c++/lib_gd32/libc++.a(purecall.o)
 .ARM.attributes
                0x0000000008005fe1       0x2d ../lib-c/lib_gd32/libc.a(assert.o)
 .ARM.attributes
                0x000000000800600e       0x2d ../lib-c/lib_gd32/libc.a(malloc.o)
 .ARM.attributes
                0x000000000800603b       0x2d ../lib-c/lib_gd32/libc.a(memmove.o)
 .ARM.attributes
                0x0000000008006068       0x2d ../lib-c/lib_gd32/libc.a(memset.o)
 .ARM.attributes
                0x0000000008006095       0x2d ../lib-c/lib_gd32/libc.a(printf.o)
 .ARM.attributes
                0x00000000080060c2       0x2d ../lib-c/lib_gd32/libc.a(time.o)
 .ARM.attributes
                0x00000000080060ef       0x2d ../lib-c/lib_gd32/libc.a(time.o)
 .ARM.attributes
                0x000000000800611c       0x2d ../lib-gd32/lib_gd32/libgd32.a(gd32_uart0.o)
 .ARM.attributes
                0x0000000008006149       0x2d ../lib-gd32/lib_gd32/libgd32.a(systick.o)
 .ARM.attributes
                0x0000000008006176       0x2d ../lib-gd32/lib_gd32/libgd32.a(system_gd32f10x.o)
 .ARM.attributes
                0x00000000080061a3       0x2d ../lib-gd32/lib_gd32/libgd32.a(gd32f10x_fmc.o)
 .ARM.attributes
                0x00000000080061d0       0x2d ../lib-gd32/lib_gd32/libgd32.a(gd32f10x_fwdgt.o)
 .ARM.attributes
                0x00000000080061fd       0x2d ../lib-gd32/lib_gd32/libgd32.a(gd32f10x_gpio.o)
 .ARM.attributes
                0x000000000800622a       0x2d ../lib-gd32/lib_gd32/libgd32.a(gd32f10x_rcu.o)
 .ARM.attributes
                0x0000000008006257       0x2d ../lib-gd32/lib_gd32/libgd32.a(gd32f10x_timer.o)
 .ARM.attributes
                0x0000000008006284       0x2d ../lib-gd32/lib_gd32/libgd32.a(gd32f10x_usart.o)
 .ARM.attributes
                0x00000000080062b1       0x2d ../lib-gd32/lib_gd32/libgd32.a(emac.o)
 .ARM.attributes
                0x00000000080062de       0x2d ../lib-gd32/lib_gd32/libgd32.a(gd32_adc.o)
 .ARM.attributes
                0x000000000800630b       0x2d ../lib-gd32/lib_gd32/libgd32.a(gd32_i2c.o)
 .ARM.attributes
                0x0000000008006338       0x2d ../lib-gd32/lib_gd32/libgd32.a(gd32_uart.o)
 .ARM.attributes
                0x0000000008006365       0x2d ../lib-gd32/lib_gd32/libgd32.a(micros.o)
 .ARM.attributes
                0x0000000008006392       0x2d ../lib-gd32/lib_gd32/libgd32.a(udelay.o)
 .ARM.attributes
                0x00000000080063bf       0x2d ../lib-gd32/lib_gd32/libgd32.a(gd32f10x_adc.o)
 .ARM.attributes
                0x00000000080063ec       0x2d ../lib-gd32/lib_gd32/libgd32.a(gd32f10x_enet.o)
 .ARM.attributes
                0x0000000008006419       0x2d ../lib-gd32/lib_gd32/libgd32.a(gd32f10x_i2c.o)
 .ARM.attributes
                0x0000000008006446       0x1d /Applications/ARM/bin/../lib/gcc/arm-none-eabi/10.3.1/thumb/v7-m/nofp/libgcc.a(_aeabi_uldivmod.o)
 .ARM.attributes
                0x0000000008006463       0x2d /Applications/ARM/bin/../lib/gcc/arm-none-eabi/10.3.1/thumb/v7-m/nofp/libgcc.a(_popcountsi2.o)
 .ARM.attributes
                0x0000000008006490       0x2d /Applications/ARM/bin/../lib/gcc/arm-none-eabi/10.3.1/thumb/v7-m/nofp/libgcc.a(_udivmoddi4.o)
 .ARM.attributes
                0x00000000080064bd       0x1d /Applications/ARM/bin/../lib/gcc/arm-none-eabi/10.3.1/thumb/v7-m/nofp/libgcc.a(_dvmd_tls.o)

.preinit_array  0x00000000080058b8        0x0
                [!provide]                        PROVIDE (__preinit_array_start = .)
 *(.preinit_array*)
                [!provide]                        PROVIDE (__preinit_array_end = .)

.init_array     0x00000000080058b8        0x0
                [!provide]                        PROVIDE (__init_array_start = .)
 *(SORT_BY_NAME(.init_array.*))
 *(.init_array*)
                [!provide]                        PROVIDE (__init_array_end = .)

.fini_array     0x00000000080058b8        0x0
                [!provide]                        PROVIDE (__fini_array_start = .)
 *(.fini_array*)
 *(SORT_BY_NAME(.fini_array.*))
                [!provide]                        PROVIDE (__fini_array_end = .)
                0x00000000080058b8                _sidata = LOADADDR (.data)

.data           0x0000000020000000       0x68 load address 0x00000000080058b8
                0x0000000020000000                . = ALIGN (0x4)
                0x0000000020000000                _sdata = .
 *(.data)
 *(.data*)
 .data.s_multicast_mac
                0x0000000020000000        0x6 ../lib-network/lib_gd32/libnetwork.a(udp.o)
 *fill*         0x0000000020000006        0x2 
 .data.next_block
                0x0000000020000008        0x4 ../lib-c/lib_gd32/libc.a(malloc.o)
 .data.s_block_bucket
                0x000000002000000c       0x58 ../lib-c/lib_gd32/libc.a(malloc.o)
 .data.SystemCoreClock
                0x0000000020000064        0x4 ../lib-gd32/lib_gd32/libgd32.a(system_gd32f10x.o)
                0x0000000020000064                SystemCoreClock
                0x0000000020000068                . = ALIGN (0x4)
                0x0000000020000068                _edata = .

.igot.plt       0x0000000020000068        0x0 load address 0x0000000008005920
 .igot.plt      0x0000000020000068        0x0 build_gd32/startup_gd32f10x_cl.o
                0x0000000020000068                . = ALIGN (0x4)

.bss            0x0000000020000068     0x4c3c load address 0x0000000008005920
                0x0000000020000068                _sbss = .
                0x0000000020000068                __bss_start__ = _sbss
 *(.bss)
 *(.bss*)
 .bss._ZN7Display7s_pThisE
                0x0000000020000068        0x4 build_gd32/lib/display.o
                0x0000000020000068                Display::s_pThis
 .bss._ZN15Display7Segment7s_pThisE
                0x000000002000006c        0x4 build_gd32/lib/display7segment.o
                0x000000002000006c                Display7Segment::s_pThis
 .bss._ZN13SpiFlashStore14s_SpiFlashDataE
                0x0000000020000070     0x1000 ../lib-spiflashstore/lib_gd32/libspiflashstore.a(spiflashstore.o)
                0x0000000020000070                SpiFlashStore::s_SpiFlashData
 .bss._ZN13SpiFlashStore15s_nStartAddressE
                0x0000000020001070        0x4 ../lib-spiflashstore/lib_gd32/libspiflashstore.a(spiflashstore.o)
                0x0000000020001070                SpiFlashStore::s_nStartAddress
 .bss._ZN13SpiFlashStore16s_bHaveFlashChipE
                0x0000000020001074        0x1 ../lib-spiflashstore/lib_gd32/libspiflashstore.a(spiflashstore.o)
                0x0000000020001074                SpiFlashStore::s_bHaveFlashChip
 *fill*         0x0000000020001075        0x3 
 .bss._ZN13SpiFlashStore20s_nSpiFlashStoreSizeE
                0x0000000020001078        0x4 ../lib-spiflashstore/lib_gd32/libspiflashstore.a(spiflashstore.o)
                0x0000000020001078                SpiFlashStore::s_nSpiFlashStoreSize
 .bss._ZN13SpiFlashStore7s_StateE
                0x000000002000107c        0x4 ../lib-spiflashstore/lib_gd32/libspiflashstore.a(spiflashstore.o)
                0x000000002000107c                SpiFlashStore::s_State
 .bss._ZN13SpiFlashStore7s_pThisE
                0x0000000020001080        0x4 ../lib-spiflashstore/lib_gd32/libspiflashstore.a(spiflashstore.o)
                0x0000000020001080                SpiFlashStore::s_pThis
 .bss._ZN13SpiFlashStore8s_bIsNewE
                0x0000000020001084        0x1 ../lib-spiflashstore/lib_gd32/libspiflashstore.a(spiflashstore.o)
                0x0000000020001084                SpiFlashStore::s_bIsNew
 *fill*         0x0000000020001085        0x3 
 .bss._ZN12StoreNetwork7s_pThisE
                0x0000000020001088        0x4 ../lib-spiflashstore/lib_gd32/libspiflashstore.a(storenetwork.o)
                0x0000000020001088                StoreNetwork::s_pThis
 .bss._ZN17StoreRemoteConfig7s_pThisE
                0x000000002000108c        0x4 ../lib-spiflashstore/lib_gd32/libspiflashstore.a(storeremoteconfig.o)
                0x000000002000108c                StoreRemoteConfig::s_pThis
 .bss._ZN12RemoteConfig12s_pUdpBufferE
                0x0000000020001090        0x4 ../lib-remoteconfig/lib_gd32/libremoteconfig.a(remoteconfig.o)
                0x0000000020001090                RemoteConfig::s_pUdpBuffer
 .bss._ZN12RemoteConfig21s_RemoteConfigListBinE
                0x0000000020001094       0x21 ../lib-remoteconfig/lib_gd32/libremoteconfig.a(remoteconfig.o)
                0x0000000020001094                RemoteConfig::s_RemoteConfigListBin
 *fill*         0x00000000200010b5        0x3 
 .bss._ZN12RemoteConfig7s_pThisE
                0x00000000200010b8        0x4 ../lib-remoteconfig/lib_gd32/libremoteconfig.a(remoteconfig.o)
                0x00000000200010b8                RemoteConfig::s_pThis
 .bss._ZN15SpiFlashInstall7s_pThisE
                0x00000000200010bc        0x4 ../lib-spiflashinstall/lib_gd32/libspiflashinstall.a(spiflashinstall.o)
                0x00000000200010bc                SpiFlashInstall::s_pThis
 .bss.g_ip_info
                0x00000000200010c0        0xc ../lib-network/lib_gd32/libnetwork.a(net.o)
                0x00000000200010c0                g_ip_info
 .bss.g_mac_address
                0x00000000200010cc        0x6 ../lib-network/lib_gd32/libnetwork.a(net.o)
                0x00000000200010cc                g_mac_address
 .bss.s_is_dhcp
                0x00000000200010d2        0x1 ../lib-network/lib_gd32/libnetwork.a(net.o)
 *fill*         0x00000000200010d3        0x1 
 .bss.s_p       0x00000000200010d4        0x4 ../lib-network/lib_gd32/libnetwork.a(net.o)
 .bss.s_ticker  0x00000000200010d8        0x4 ../lib-network/lib_gd32/libnetwork.a(net_timers.o)
 .bss.s_mac_address
                0x00000000200010dc        0x6 ../lib-network/lib_gd32/libnetwork.a(rfc3927.o)
 *fill*         0x00000000200010e2        0x2 
 .bss.s_mac_address_arp_reply
                0x00000000200010e4        0x6 ../lib-network/lib_gd32/libnetwork.a(rfc3927.o)
 .bss.s_tcp     0x00000000200010ea      0x5ea ../lib-network/lib_gd32/libnetwork.a(tcp.o)
 .bss.broadcast_mask
                0x00000000200016d4        0x4 ../lib-network/lib_gd32/libnetwork.a(udp.o)
 .bss.gw_ip     0x00000000200016d8        0x4 ../lib-network/lib_gd32/libnetwork.a(udp.o)
 .bss.on_network_mask
                0x00000000200016dc        0x4 ../lib-network/lib_gd32/libnetwork.a(udp.o)
 .bss.s_id      0x00000000200016e0        0x2 ../lib-network/lib_gd32/libnetwork.a(udp.o)
 *fill*         0x00000000200016e2        0x2 
 .bss.s_ports_allowed
                0x00000000200016e4        0x8 ../lib-network/lib_gd32/libnetwork.a(udp.o)
 .bss.s_recv_queue
                0x00000000200016ec     0x1728 ../lib-network/lib_gd32/libnetwork.a(udp.o)
 .bss.s_send_packet
                0x0000000020002e14      0x5ea ../lib-network/lib_gd32/libnetwork.a(udp.o)
 *fill*         0x00000000200033fe        0x2 
 .bss._ZN10TFTPDaemon7s_pThisE
                0x0000000020003400        0x4 ../lib-network/lib_gd32/libnetwork.a(tftpdaemon.o)
                0x0000000020003400                TFTPDaemon::s_pThis
 .bss._ZN7Network7s_pThisE
                0x0000000020003404        0x4 ../lib-network/lib_gd32/libnetwork.a(network.o)
                0x0000000020003404                Network::s_pThis
 .bss.s_arp_announce
                0x0000000020003408       0x2a ../lib-network/lib_gd32/libnetwork.a(arp.o)
 *fill*         0x0000000020003432        0x2 
 .bss.s_arp_reply
                0x0000000020003434       0x2a ../lib-network/lib_gd32/libnetwork.a(arp.o)
 *fill*         0x000000002000345e        0x2 
 .bss.s_arp_request
                0x0000000020003460       0x2a ../lib-network/lib_gd32/libnetwork.a(arp.o)
 *fill*         0x000000002000348a        0x2 
 .bss.s_arp_records
                0x000000002000348c      0x180 ../lib-network/lib_gd32/libnetwork.a(arp_cache.o)
 .bss.s_entry_current
                0x000000002000360c        0x2 ../lib-network/lib_gd32/libnetwork.a(arp_cache.o)
 *fill*         0x000000002000360e        0x2 
 .bss.s_dhcp_allocated_gw
                0x0000000020003610        0x4 ../lib-network/lib_gd32/libnetwork.a(dhcp.o)
 .bss.s_dhcp_allocated_ip
                0x0000000020003614        0x4 ../lib-network/lib_gd32/libnetwork.a(dhcp.o)
 .bss.s_dhcp_allocated_netmask
                0x0000000020003618        0x4 ../lib-network/lib_gd32/libnetwork.a(dhcp.o)
 .bss.s_dhcp_message
                0x000000002000361c      0x224 ../lib-network/lib_gd32/libnetwork.a(dhcp.o)
 .bss.s_dhcp_server_ip
                0x0000000020003840        0x4 ../lib-network/lib_gd32/libnetwork.a(dhcp.o)
 .bss.s_groups  0x0000000020003844      0x120 ../lib-network/lib_gd32/libnetwork.a(igmp.o)
 .bss.s_id      0x0000000020003964        0x2 ../lib-network/lib_gd32/libnetwork.a(igmp.o)
 *fill*         0x0000000020003966        0x2 
 .bss.s_joins_allowed_index
                0x0000000020003968        0x4 ../lib-network/lib_gd32/libnetwork.a(igmp.o)
 .bss.s_leave   0x000000002000396c       0x2e ../lib-network/lib_gd32/libnetwork.a(igmp.o)
 *fill*         0x000000002000399a        0x2 
 .bss.s_multicast_mac
                0x000000002000399c        0x6 ../lib-network/lib_gd32/libnetwork.a(igmp.o)
 *fill*         0x00000000200039a2        0x2 
 .bss.s_report  0x00000000200039a4       0x2e ../lib-network/lib_gd32/libnetwork.a(igmp.o)
 .bss._ZN15FirmwareVersion17s_FirmwareVersionE
                0x00000000200039d2       0x16 ../lib-hal/lib_gd32/libhal.a(firmwareversion.o)
                0x00000000200039d2                FirmwareVersion::s_FirmwareVersion
 .bss._ZN15FirmwareVersion7s_PrintE
                0x00000000200039e8       0x40 ../lib-hal/lib_gd32/libhal.a(firmwareversion.o)
                0x00000000200039e8                FirmwareVersion::s_Print
 .bss._ZN15FirmwareVersion7s_pThisE
                0x0000000020003a28        0x4 ../lib-hal/lib_gd32/libhal.a(firmwareversion.o)
                0x0000000020003a28                FirmwareVersion::s_pThis
 .bss._ZN8LedBlink7s_pThisE
                0x0000000020003a2c        0x4 ../lib-hal/lib_gd32/libhal.a(ledblink.o)
                0x0000000020003a2c                LedBlink::s_pThis
 .bss._ZN8Hardware7s_pThisE
                0x0000000020003a30        0x4 ../lib-hal/lib_gd32/libhal.a(hardware.o)
                0x0000000020003a30                Hardware::s_pThis
 .bss.outptr    0x0000000020003a34        0x4 ../lib-c/lib_gd32/libc.a(printf.o)
 .bss.s_micros  0x0000000020003a38        0x8 ../lib-c/lib_gd32/libc.a(time.o)
 .bss.set_timer
                0x0000000020003a40        0x4 ../lib-c/lib_gd32/libc.a(time.o)
 .bss.s_nSysTickMillis
                0x0000000020003a44        0x4 ../lib-gd32/lib_gd32/libgd32.a(systick.o)
                0x0000000020003a44                s_nSysTickMillis
 .bss.enet_init_status
                0x0000000020003a48        0x4 ../lib-gd32/lib_gd32/libgd32.a(emac.o)
 .bss.dma_current_ptp_rxdesc
                0x0000000020003a4c        0x4 ../lib-gd32/lib_gd32/libgd32.a(gd32f10x_enet.o)
                0x0000000020003a4c                dma_current_ptp_rxdesc
 .bss.dma_current_ptp_txdesc
                0x0000000020003a50        0x4 ../lib-gd32/lib_gd32/libgd32.a(gd32f10x_enet.o)
                0x0000000020003a50                dma_current_ptp_txdesc
 .bss.dma_current_rxdesc
                0x0000000020003a54        0x4 ../lib-gd32/lib_gd32/libgd32.a(gd32f10x_enet.o)
                0x0000000020003a54                dma_current_rxdesc
 .bss.dma_current_txdesc
                0x0000000020003a58        0x4 ../lib-gd32/lib_gd32/libgd32.a(gd32f10x_enet.o)
                0x0000000020003a58                dma_current_txdesc
 .bss.enet_initpara
                0x0000000020003a5c       0x3c ../lib-gd32/lib_gd32/libgd32.a(gd32f10x_enet.o)
 .bss.rx_buff   0x0000000020003a98      0xbe8 ../lib-gd32/lib_gd32/libgd32.a(gd32f10x_enet.o)
                0x0000000020003a98                rx_buff
 .bss.rxdesc_tab
                0x0000000020004680       0x20 ../lib-gd32/lib_gd32/libgd32.a(gd32f10x_enet.o)
                0x0000000020004680                rxdesc_tab
 .bss.tx_buff   0x00000000200046a0      0x5f4 ../lib-gd32/lib_gd32/libgd32.a(gd32f10x_enet.o)
                0x00000000200046a0                tx_buff
 .bss.txdesc_tab
                0x0000000020004c94       0x10 ../lib-gd32/lib_gd32/libgd32.a(gd32f10x_enet.o)
                0x0000000020004c94                txdesc_tab
 *(COMMON)
                0x0000000020004ca4                . = ALIGN (0x4)
                0x0000000020004ca4                _ebss = .
                0x0000000020004ca4                __bss_end__ = _ebss
                0x0000000020004ca8                . = ALIGN (0x8)
                [!provide]                        PROVIDE (end = _ebss)
                [!provide]                        PROVIDE (_end = _ebss)

.heap           0x0000000020005400    0x12800 load address 0x0000000020004ca4
                0x0000000020005400                . = ALIGN (0x4)
                0x0000000020005400                heap_low = .
                0x0000000020017c00                . = (. + __heap_size)
 *fill*         0x0000000020005400    0x12800 
                0x0000000020017c00                heap_top = .
                0x0000000020017c00                . = ALIGN (0x4)

.stack          0x0000000020017c00      0x400
                0x0000000020017c00                . = ALIGN (0x4)
                [!provide]                        PROVIDE (_heap_end = .)
                0x0000000000000400                . = __stack_size
 *fill*         0x0000000020017c00      0x400 
                0x0000000020018000                PROVIDE (_sp = .)
                0x0000000020018000                . = ALIGN (0x4)

/DISCARD/
 *(*.ARM.attributes)
 *(*.comment)
 *(*.debug*)
START GROUP
LOAD /Applications/ARM/bin/../lib/gcc/arm-none-eabi/10.3.1/thumb/v7-m/nofp/libgcc.a
LOAD ../lib-c/lib_gd32/libc.a
END GROUP
LOAD ../lib-display/lib_gd32/libdisplay.a
LOAD ../lib-spiflashstore/lib_gd32/libspiflashstore.a
LOAD ../lib-spiflash/lib_gd32/libspiflash.a
LOAD ../lib-remoteconfig/lib_gd32/libremoteconfig.a
LOAD ../lib-spiflashinstall/lib_gd32/libspiflashinstall.a
LOAD ../lib-network/lib_gd32/libnetwork.a
LOAD ../lib-properties/lib_gd32/libproperties.a
LOAD ../lib-hal/lib_gd32/libhal.a
LOAD ../lib-c++/lib_gd32/libc++.a
LOAD ../lib-c/lib_gd32/libc.a
LOAD ../lib-gd32/lib_gd32/libgd32.a
LOAD /Applications/ARM/bin/../lib/gcc/arm-none-eabi/10.3.1/thumb/v7-m/nofp/libgcc.a
OUTPUT(build_gd32/main.elf elf32-littlearm)
LOAD linker stubs
